******************************************************************************
             TMS320C2000 Linker PC v22.6.1                     
******************************************************************************
>> Linked Sat Apr 19 20:43:49 2025

OUTPUT FILE NAME:   <T220_2P0_020_C0P0_TI28346.out>
ENTRY POINT SYMBOL: "_c_int00"  address: 0000e179


MEMORY CONFIGURATION

         name            origin    length      used     unused   attr    fill
----------------------  --------  ---------  --------  --------  ----  --------
PAGE 0:
  BEGIN                 00000000   00000002  00000002  00000000  RWIX
  RAMM0                 00000052   000003ae  00000000  000003ae  RWIX
  RAML0                 00008000   00002000  000012bd  00000d43  RWIX
  RAML1                 0000a000   00002000  000000f0  00001f10  RWIX
  ZONE7A                00200000   0000fc00  00000000  0000fc00  RWIX
  RAMH0                 00300000   00008000  00000000  00008000  RWIX
  RAMH1                 00308000   00008000  00000000  00008000  RWIX
  RAMH2                 00310000   00008000  00000000  00008000  RWIX
  CSM_RSVD              0033ff80   00000076  00000000  00000076  RWIX
  CSM_PWL_PROG          0033fff8   00000008  00000000  00000008  RWIX
  IQTABLES              003fe000   00000b50  00000000  00000b50  RWIX
  IQTABLES2             003feb50   0000008c  00000000  0000008c  RWIX
  FPUTABLES             003febdc   000006a0  00000000  000006a0  RWIX
  BOOTROM               003ff27c   00000d44  00000000  00000d44  RWIX
  RESET                 003fffc0   00000002  00000000  00000002  RWIX

PAGE 1:
  BOOT_RSVD             00000002   00000050  00000000  00000050  RWIX
  RAMM1                 00000400   00000400  00000300  00000100  RWIX
  DEV_EMU               00000880   00000180  000000d0  000000b0  RWIX
  CSM                   00000ae0   00000010  00000010  00000000  RWIX
  XINTF                 00000b20   00000020  0000001e  00000002  RWIX
  CPU_TIMER0            00000c00   00000008  00000008  00000000  RWIX
  CPU_TIMER1            00000c08   00000008  00000008  00000000  RWIX
  CPU_TIMER2            00000c10   00000008  00000008  00000000  RWIX
  PIE_CTRL              00000ce0   00000020  0000001a  00000006  RWIX
  PIE_VECT              00000d00   00000100  00000100  00000000  RWIX
  DMA                   00001000   00000200  000000e0  00000120  RWIX
  MCBSPA                00005000   00000040  00000025  0000001b  RWIX
  MCBSPB                00005040   00000040  00000025  0000001b  RWIX
  ECANA                 00006000   00000040  00000034  0000000c  RWIX
  ECANA_LAM             00006040   00000040  00000040  00000000  RWIX
  ECANA_MOTS            00006080   00000040  00000040  00000000  RWIX
  ECANA_MOTO            000060c0   00000040  00000040  00000000  RWIX
  ECANA_MBOX            00006100   00000100  00000100  00000000  RWIX
  ECANB                 00006200   00000040  00000034  0000000c  RWIX
  ECANB_LAM             00006240   00000040  00000040  00000000  RWIX
  ECANB_MOTS            00006280   00000040  00000040  00000000  RWIX
  ECANB_MOTO            000062c0   00000040  00000040  00000000  RWIX
  ECANB_MBOX            00006300   00000100  00000100  00000000  RWIX
  EPWM9                 00006600   00000022  00000022  00000000  RWIX
  EPWM1                 00006800   00000022  00000022  00000000  RWIX
  EPWM2                 00006840   00000022  00000022  00000000  RWIX
  EPWM3                 00006880   00000022  00000022  00000000  RWIX
  EPWM4                 000068c0   00000022  00000022  00000000  RWIX
  EPWM5                 00006900   00000022  00000022  00000000  RWIX
  EPWM6                 00006940   00000022  00000022  00000000  RWIX
  EPWM7                 00006980   00000022  00000022  00000000  RWIX
  EPWM8                 000069c0   00000022  00000022  00000000  RWIX
  ECAP1                 00006a00   00000020  00000020  00000000  RWIX
  ECAP2                 00006a20   00000020  00000020  00000000  RWIX
  ECAP3                 00006a40   00000020  00000020  00000000  RWIX
  ECAP4                 00006a60   00000020  00000020  00000000  RWIX
  ECAP5                 00006a80   00000020  00000020  00000000  RWIX
  ECAP6                 00006aa0   00000020  00000020  00000000  RWIX
  EQEP1                 00006b00   00000040  00000040  00000000  RWIX
  EQEP2                 00006b40   00000040  00000040  00000000  RWIX
  EQEP3                 00006b80   00000040  00000040  00000000  RWIX
  GPIOCTRL              00006f80   00000040  0000002e  00000012  RWIX
  GPIODAT               00006fc0   00000020  00000020  00000000  RWIX
  GPIOINT               00006fe0   00000020  0000000a  00000016  RWIX
  SYSTEM                00007010   00000021  00000020  00000001  RWIX
  SPIA                  00007040   00000010  00000010  00000000  RWIX
  SCIA                  00007050   00000010  00000010  00000000  RWIX
  XINTRUPT              00007070   00000010  00000010  00000000  RWIX
  SCIB                  00007750   00000010  00000010  00000000  RWIX
  SCIC                  00007770   00000010  00000010  00000000  RWIX
  SPID                  00007780   00000010  00000010  00000000  RWIX
  I2CA                  00007900   00000040  00000022  0000001e  RWIX
  RAML2                 0000c000   00002000  00001fff  00000001  RWIX
  RAML3                 0000e000   00002000  0000045e  00001ba2  RWIX
  RAML4                 00010000   00002000  00000000  00002000  RWIX
  RAML5                 00012000   00002000  00000000  00002000  RWIX
  RAML6                 00014000   00002000  00000000  00002000  RWIX
  RAML7                 00016000   00002000  00000000  00002000  RWIX
  ZONE7B                0020fc00   00000400  00000000  00000400  RWIX
  RAMH3                 00318000   00008000  00000000  00008000  RWIX
  RAMH4                 00320000   00008000  00000000  00008000  RWIX
  RAMH5                 00328000   00008000  00000000  00008000  RWIX
  CSM_PWL               0033fff8   00000008  00000008  00000000  RWIX


SECTION ALLOCATION MAP

 output                                  attributes/
section   page    origin      length       input sections
--------  ----  ----------  ----------   ----------------
codestart 
*          0    00000000    00000002     
                  00000000    00000002     DSP2834x_CodeStartBranch.obj (codestart)

.cinit     0    00008000    000007b2     
                  00008000    000004d2     <whole-program> (.cinit)
                  000084d2    0000003f     D02_DRV_I2C.obj (.cinit:_P1_DP)
                  00008511    0000003f     D02_DRV_I2C.obj (.cinit:_P1_RV)
                  00008550    0000003f     D02_DRV_I2C.obj (.cinit:_P2_DP)
                  0000858f    0000003f     D02_DRV_I2C.obj (.cinit:_P2_RV)
                  000085ce    0000003f     D02_DRV_I2C.obj (.cinit:_PC_DP)
                  0000860d    0000003f     D02_DRV_I2C.obj (.cinit:_PC_RV)
                  0000864c    0000003f     D02_DRV_I2C.obj (.cinit:_PD_DP)
                  0000868b    0000003f     D02_DRV_I2C.obj (.cinit:_PD_RV)
                  000086ca    00000038     D02_DRV_I2C.obj (.cinit)
                  00008702    00000034     M1_Interrupt.obj (.cinit)
                  00008736    00000026     M2_Interrupt.obj (.cinit)
                  0000875c    00000011     D01_DRV_CAN.obj (.cinit:_CAN_TX_ID)
                  0000876d    0000000f     D01_DRV_CAN.obj (.cinit:_CAN_RX_ID)
                  0000877c    0000000e     D01_DRV_CAN.obj (.cinit)
                  0000878a    0000000e     rts2800_fpu32.lib : exit.c.obj (.cinit)
                  00008798    00000005     D01_DRV_CAN.obj (.cinit:_CANMBOXES)
                  0000879d    00000005     D01_DRV_CAN.obj (.cinit:_CANREGS)
                  000087a2    00000005     <whole-program> (.cinit:__lock)
                  000087a7    00000005     <whole-program> (.cinit:__unlock)
                  000087ac    00000004     M2_Interrupt.obj (.cinit:_mBSW_a11uReadInput)
                  000087b0    00000002     --HOLE-- [fill = 0]

ramfuncs   0    000087b2    00000004     
                  000087b2    00000004     DSP2834x_usDelay.obj (ramfuncs)

.pinit     0    00008000    00000000     UNINITIALIZED

.ebss      0    000087b6    00000b07     UNINITIALIZED
                  000087b6    00000006     D01_DRV_CAN.obj (.ebss)
                  000087bc    00000002     D01_DRV_CAN.obj (.ebss:_CANMBOXES)
                  000087be    00000002     D01_DRV_CAN.obj (.ebss:_CANREGS)
                  000087c0    00000268     c02_SubAdc.obj (.ebss)
                  00008a28    00000014     j01_McuInit.obj (.ebss)
                  00008a3c    00000002     rts2800_fpu32.lib : _lock.c.obj (.ebss:__lock)
                  00008a3e    00000002                       : _lock.c.obj (.ebss:__unlock)
                  00008a40    00000132     e03_MtrCtrl_MtrCtrl.obj (.ebss)
                  00008b72    0000000e     D02_DRV_I2C.obj (.ebss)
                  00008b80    000000fa     f01_CommRx1.obj (.ebss)
                  00008c7a    00000006     L02_ADC_READ.obj (.ebss)
                  00008c80    0000008c     g03_CommTx.obj (.ebss)
                  00008d0c    00000034     b01_OSnScheduler.obj (.ebss)
                  00008d40    00000074     e01_MtrCtrl_VarGain.obj (.ebss)
                  00008db4    0000000c     M2_Interrupt.obj (.ebss)
                  00008dc0    00000070     d01_Diaglnteg.obj (.ebss)
                  00008e30    0000000e     D01_DRV_CAN.obj (.ebss:_CAN_TX_ID)
                  00008e3e    00000002     main.obj (.ebss)
                  00008e40    0000006a     e02_MtrCtrl_Pst.obj (.ebss)
                  00008eaa    0000000d     M1_Interrupt.obj (.ebss)
                  00008eb7    00000001     D09_DRV_TMR.obj (.ebss)
                  00008eb8    00000006     rts2800_fpu32.lib : exit.c.obj (.ebss)
                  00008ebe    00000001                       : errno.c.obj (.ebss)
                  00008ebf    00000001     --HOLE--
                  00008ec0    0000004e     c01_MainAdc.obj (.ebss)
                  00008f0e    0000002c     DAC.obj (.ebss)
                  00008f3a    00000006     --HOLE--
                  00008f40    00000040     h01_MdeMgmt.obj (.ebss)
                  00008f80    0000003c     D02_DRV_I2C.obj (.ebss:_P1)
                  00008fbc    00000004     --HOLE--
                  00008fc0    0000003c     D02_DRV_I2C.obj (.ebss:_P1_DP)
                  00008ffc    00000004     --HOLE--
                  00009000    0000003c     D02_DRV_I2C.obj (.ebss:_P1_RV)
                  0000903c    00000004     --HOLE--
                  00009040    0000003c     D02_DRV_I2C.obj (.ebss:_P2)
                  0000907c    00000004     --HOLE--
                  00009080    0000003c     D02_DRV_I2C.obj (.ebss:_P2_DP)
                  000090bc    00000004     --HOLE--
                  000090c0    0000003c     D02_DRV_I2C.obj (.ebss:_P2_RV)
                  000090fc    00000004     --HOLE--
                  00009100    0000003c     D02_DRV_I2C.obj (.ebss:_PC)
                  0000913c    00000004     --HOLE--
                  00009140    0000003c     D02_DRV_I2C.obj (.ebss:_PC_DP)
                  0000917c    00000004     --HOLE--
                  00009180    0000003c     D02_DRV_I2C.obj (.ebss:_PC_RV)
                  000091bc    00000004     --HOLE--
                  000091c0    0000003c     D02_DRV_I2C.obj (.ebss:_PD)
                  000091fc    00000004     --HOLE--
                  00009200    0000003c     D02_DRV_I2C.obj (.ebss:_PD_DP)
                  0000923c    00000004     --HOLE--
                  00009240    0000003c     D02_DRV_I2C.obj (.ebss:_PD_RV)
                  0000927c    00000004     --HOLE--
                  00009280    00000026     e04_MtrCtrl_PwmSet.obj (.ebss)
                  000092a6    0000000c     D01_DRV_CAN.obj (.ebss:_CAN_RX_ID)
                  000092b2    0000000b     M2_Interrupt.obj (.ebss:_mBSW_a11uReadInput)

.econst    0    0000a000    000000f0     
                  0000a000    0000003c     D02_DRV_I2C.obj (.econst:_Const_P1)
                  0000a03c    0000003c     D02_DRV_I2C.obj (.econst:_Const_P2)
                  0000a078    0000003c     D02_DRV_I2C.obj (.econst:_Const_PC)
                  0000a0b4    0000003c     D02_DRV_I2C.obj (.econst:_Const_PD)

.stack     1    00000400    00000300     UNINITIALIZED
                  00000400    00000300     --HOLE--

.reset     0    003fffc0    00000002     DSECT
                  003fffc0    00000002     rts2800_fpu32.lib : boot28.asm.obj (.reset)

csm_rsvd   0    0033ff80    00000000     DSECT

csmpasswds 
*          0    0033fff8    00000000     DSECT

DevEmuRegsFile 
*          1    00000880    000000d0     UNINITIALIZED
                  00000880    000000d0     DSP2834x_GlobalVariableDefs.obj (DevEmuRegsFile)

CsmRegsFile 
*          1    00000ae0    00000010     UNINITIALIZED
                  00000ae0    00000010     DSP2834x_GlobalVariableDefs.obj (CsmRegsFile)

XintfRegsFile 
*          1    00000b20    0000001e     UNINITIALIZED
                  00000b20    0000001e     DSP2834x_GlobalVariableDefs.obj (XintfRegsFile)

CpuTimer0RegsFile 
*          1    00000c00    00000008     UNINITIALIZED
                  00000c00    00000008     DSP2834x_GlobalVariableDefs.obj (CpuTimer0RegsFile)

CpuTimer1RegsFile 
*          1    00000c08    00000008     UNINITIALIZED
                  00000c08    00000008     DSP2834x_GlobalVariableDefs.obj (CpuTimer1RegsFile)

CpuTimer2RegsFile 
*          1    00000c10    00000008     UNINITIALIZED
                  00000c10    00000008     DSP2834x_GlobalVariableDefs.obj (CpuTimer2RegsFile)

PieCtrlRegsFile 
*          1    00000ce0    0000001a     UNINITIALIZED
                  00000ce0    0000001a     DSP2834x_GlobalVariableDefs.obj (PieCtrlRegsFile)

PieVectTableFile 
*          1    00000d00    00000100     UNINITIALIZED
                  00000d00    00000100     DSP2834x_GlobalVariableDefs.obj (PieVectTableFile)

DmaRegsFile 
*          1    00001000    000000e0     UNINITIALIZED
                  00001000    000000e0     DSP2834x_GlobalVariableDefs.obj (DmaRegsFile)

McbspaRegsFile 
*          1    00005000    00000025     UNINITIALIZED
                  00005000    00000025     DSP2834x_GlobalVariableDefs.obj (McbspaRegsFile)

McbspbRegsFile 
*          1    00005040    00000025     UNINITIALIZED
                  00005040    00000025     DSP2834x_GlobalVariableDefs.obj (McbspbRegsFile)

ECanaRegsFile 
*          1    00006000    00000034     UNINITIALIZED
                  00006000    00000034     DSP2834x_GlobalVariableDefs.obj (ECanaRegsFile)

ECanaLAMRegsFile 
*          1    00006040    00000040     UNINITIALIZED
                  00006040    00000040     DSP2834x_GlobalVariableDefs.obj (ECanaLAMRegsFile)

ECanaMOTSRegsFile 
*          1    00006080    00000040     UNINITIALIZED
                  00006080    00000040     DSP2834x_GlobalVariableDefs.obj (ECanaMOTSRegsFile)

ECanaMOTORegsFile 
*          1    000060c0    00000040     UNINITIALIZED
                  000060c0    00000040     DSP2834x_GlobalVariableDefs.obj (ECanaMOTORegsFile)

ECanaMboxesFile 
*          1    00006100    00000100     UNINITIALIZED
                  00006100    00000100     DSP2834x_GlobalVariableDefs.obj (ECanaMboxesFile)

ECanbRegsFile 
*          1    00006200    00000034     UNINITIALIZED
                  00006200    00000034     DSP2834x_GlobalVariableDefs.obj (ECanbRegsFile)

ECanbLAMRegsFile 
*          1    00006240    00000040     UNINITIALIZED
                  00006240    00000040     DSP2834x_GlobalVariableDefs.obj (ECanbLAMRegsFile)

ECanbMOTSRegsFile 
*          1    00006280    00000040     UNINITIALIZED
                  00006280    00000040     DSP2834x_GlobalVariableDefs.obj (ECanbMOTSRegsFile)

ECanbMOTORegsFile 
*          1    000062c0    00000040     UNINITIALIZED
                  000062c0    00000040     DSP2834x_GlobalVariableDefs.obj (ECanbMOTORegsFile)

ECanbMboxesFile 
*          1    00006300    00000100     UNINITIALIZED
                  00006300    00000100     DSP2834x_GlobalVariableDefs.obj (ECanbMboxesFile)

EPwm9RegsFile 
*          1    00006600    00000022     UNINITIALIZED
                  00006600    00000022     DSP2834x_GlobalVariableDefs.obj (EPwm9RegsFile)

EPwm1RegsFile 
*          1    00006800    00000022     UNINITIALIZED
                  00006800    00000022     DSP2834x_GlobalVariableDefs.obj (EPwm1RegsFile)

EPwm2RegsFile 
*          1    00006840    00000022     UNINITIALIZED
                  00006840    00000022     DSP2834x_GlobalVariableDefs.obj (EPwm2RegsFile)

EPwm3RegsFile 
*          1    00006880    00000022     UNINITIALIZED
                  00006880    00000022     DSP2834x_GlobalVariableDefs.obj (EPwm3RegsFile)

EPwm4RegsFile 
*          1    000068c0    00000022     UNINITIALIZED
                  000068c0    00000022     DSP2834x_GlobalVariableDefs.obj (EPwm4RegsFile)

EPwm5RegsFile 
*          1    00006900    00000022     UNINITIALIZED
                  00006900    00000022     DSP2834x_GlobalVariableDefs.obj (EPwm5RegsFile)

EPwm6RegsFile 
*          1    00006940    00000022     UNINITIALIZED
                  00006940    00000022     DSP2834x_GlobalVariableDefs.obj (EPwm6RegsFile)

EPwm7RegsFile 
*          1    00006980    00000022     UNINITIALIZED
                  00006980    00000022     DSP2834x_GlobalVariableDefs.obj (EPwm7RegsFile)

EPwm8RegsFile 
*          1    000069c0    00000022     UNINITIALIZED
                  000069c0    00000022     DSP2834x_GlobalVariableDefs.obj (EPwm8RegsFile)

ECap1RegsFile 
*          1    00006a00    00000020     UNINITIALIZED
                  00006a00    00000020     DSP2834x_GlobalVariableDefs.obj (ECap1RegsFile)

ECap2RegsFile 
*          1    00006a20    00000020     UNINITIALIZED
                  00006a20    00000020     DSP2834x_GlobalVariableDefs.obj (ECap2RegsFile)

ECap3RegsFile 
*          1    00006a40    00000020     UNINITIALIZED
                  00006a40    00000020     DSP2834x_GlobalVariableDefs.obj (ECap3RegsFile)

ECap4RegsFile 
*          1    00006a60    00000020     UNINITIALIZED
                  00006a60    00000020     DSP2834x_GlobalVariableDefs.obj (ECap4RegsFile)

ECap5RegsFile 
*          1    00006a80    00000020     UNINITIALIZED
                  00006a80    00000020     DSP2834x_GlobalVariableDefs.obj (ECap5RegsFile)

ECap6RegsFile 
*          1    00006aa0    00000020     UNINITIALIZED
                  00006aa0    00000020     DSP2834x_GlobalVariableDefs.obj (ECap6RegsFile)

EQep1RegsFile 
*          1    00006b00    00000040     UNINITIALIZED
                  00006b00    00000040     DSP2834x_GlobalVariableDefs.obj (EQep1RegsFile)

EQep2RegsFile 
*          1    00006b40    00000040     UNINITIALIZED
                  00006b40    00000040     DSP2834x_GlobalVariableDefs.obj (EQep2RegsFile)

EQep3RegsFile 
*          1    00006b80    00000040     UNINITIALIZED
                  00006b80    00000040     DSP2834x_GlobalVariableDefs.obj (EQep3RegsFile)

GpioCtrlRegsFile 
*          1    00006f80    0000002e     UNINITIALIZED
                  00006f80    0000002e     DSP2834x_GlobalVariableDefs.obj (GpioCtrlRegsFile)

GpioDataRegsFile 
*          1    00006fc0    00000020     UNINITIALIZED
                  00006fc0    00000020     DSP2834x_GlobalVariableDefs.obj (GpioDataRegsFile)

GpioIntRegsFile 
*          1    00006fe0    0000000a     UNINITIALIZED
                  00006fe0    0000000a     DSP2834x_GlobalVariableDefs.obj (GpioIntRegsFile)

SysCtrlRegsFile 
*          1    00007010    00000020     UNINITIALIZED
                  00007010    00000020     DSP2834x_GlobalVariableDefs.obj (SysCtrlRegsFile)

SpiaRegsFile 
*          1    00007040    00000010     UNINITIALIZED
                  00007040    00000010     DSP2834x_GlobalVariableDefs.obj (SpiaRegsFile)

SciaRegsFile 
*          1    00007050    00000010     UNINITIALIZED
                  00007050    00000010     DSP2834x_GlobalVariableDefs.obj (SciaRegsFile)

XIntruptRegsFile 
*          1    00007070    00000010     UNINITIALIZED
                  00007070    00000010     DSP2834x_GlobalVariableDefs.obj (XIntruptRegsFile)

ScibRegsFile 
*          1    00007750    00000010     UNINITIALIZED
                  00007750    00000010     DSP2834x_GlobalVariableDefs.obj (ScibRegsFile)

ScicRegsFile 
*          1    00007770    00000010     UNINITIALIZED
                  00007770    00000010     DSP2834x_GlobalVariableDefs.obj (ScicRegsFile)

SpidRegsFile 
*          1    00007780    00000010     UNINITIALIZED
                  00007780    00000010     DSP2834x_GlobalVariableDefs.obj (SpidRegsFile)

I2caRegsFile 
*          1    00007900    00000022     UNINITIALIZED
                  00007900    00000022     DSP2834x_GlobalVariableDefs.obj (I2caRegsFile)

CsmPwlFile 
*          1    0033fff8    00000008     UNINITIALIZED
                  0033fff8    00000008     DSP2834x_GlobalVariableDefs.obj (CsmPwlFile)

.text.1    1    0000c000    00001fff     
                  0000c000    000005d7     e03_MtrCtrl_MtrCtrl.obj (.text)
                  0000c5d7    000003b0     D02_DRV_I2C.obj (.text)
                  0000c987    0000023f     d01_Diaglnteg.obj (.text)
                  0000cbc6    0000023e     main.obj (.text)
                  0000ce04    000001d0     e02_MtrCtrl_Pst.obj (.text)
                  0000cfd4    000001a1     c02_SubAdc.obj (.text)
                  0000d175    00000194     ePWM.obj (.text)
                  0000d309    00000192     D01_DRV_CAN.obj (.text)
                  0000d49b    00000160     SysCtrl.obj (.text)
                  0000d5fb    00000154     DAC.obj (.text)
                  0000d74f    00000139     f01_CommRx1.obj (.text)
                  0000d888    0000010e     M1_Interrupt.obj (.text:retain)
                  0000d996    000000f3     e01_MtrCtrl_VarGain.obj (.text)
                  0000da89    000000dd     e04_MtrCtrl_PwmSet.obj (.text)
                  0000db66    000000cc     M2_Interrupt.obj (.text:retain)
                  0000dc32    00000093     h01_MdeMgmt.obj (.text)
                  0000dcc5    0000008e     c01_MainAdc.obj (.text)
                  0000dd53    00000088     rts2800_fpu32.lib : fs_div28.asm.obj (.text)
                  0000dddb    00000084     g03_CommTx.obj (.text)
                  0000de5f    00000072     rts2800_fpu32.lib : ti_fmax.c.obj (.text)
                  0000ded1    00000068     look1_iflf_binlca.obj (.text)
                  0000df39    00000066     rts2800_fpu32.lib : s_sinf.c.obj (.text)
                  0000df9f    0000005c     GPIO.obj (.text)
                  0000dffb    00000002     rts2800_fpu32.lib : pre_init.c.obj (.text)
                  0000dffd    00000001                       : _lock.c.obj (.text)
                  0000dffe    00000001                       : startup.c.obj (.text)

.text.2    1    0000e000    0000045e     
                  0000e000    00000063     rts2800_fpu32.lib : s_cosf.c.obj (.text)
                  0000e063    00000062     Xintf.obj (.text)
                  0000e0c5    0000005b     M2_Interrupt.obj (.text)
                  0000e120    00000059     rts2800_fpu32.lib : s_floorf.c.obj (.text)
                  0000e179    00000056                       : boot28.asm.obj (.text)
                  0000e1cf    00000052     D01_DRV_CAN.obj (.text:retain)
                  0000e221    00000043     j01_McuInit.obj (.text)
                  0000e264    0000002a     rts2800_fpu32.lib : fd_cmp28.asm.obj (.text)
                  0000e28e    00000029                       : exit.c.obj (.text)
                  0000e2b7    00000001     --HOLE-- [fill = 0]
                  0000e2b8    00000027                       : e_sqrtf.c.obj (.text)
                  0000e2df    00000026                       : fs_tollfpu32.asm.obj (.text)
                  0000e305    00000025     b01_OSnScheduler.obj (.text)
                  0000e32a    00000024     rts2800_fpu32.lib : cpy_tbl.c.obj (.text)
                  0000e34e    00000021     L02_ADC_READ.obj (.text)
                  0000e36f    00000020     rts2800_fpu32.lib : ll_tofsfpu32.asm.obj (.text)
                  0000e38f    0000001e                       : ll_cmp28.asm.obj (.text)
                  0000e3ad    0000001c                       : memcpy.c.obj (.text)
                  0000e3c9    0000001a     Sensor.obj (.text)
                  0000e3e3    00000019     D09_DRV_TMR.obj (.text:retain)
                  0000e3fc    00000018     rts2800_fpu32.lib : ll_aox28.asm.obj (.text)
                  0000e414    00000015     WatchDog.obj (.text)
                  0000e429    00000012     rts2800_fpu32.lib : args_main.c.obj (.text)
                  0000e43b    00000011                       : ull_tofsfpu32.asm.obj (.text)
                  0000e44c    0000000a     SysCtrl.obj (.text:retain)
                  0000e456    00000008     DSP2834x_CodeStartBranch.obj (.text)

MODULE SUMMARY

       Module                                   code   initialized data   uninitialized data
       ------                                   ----   ----------------   ------------------
    .\ASW\b01_OSnScheduler_ert_rtw\
       b01_OSnScheduler.obj                     37     0                  52                
    +--+----------------------------------------+------+------------------+--------------------+
       Total:                                   37     0                  52                
                                                                                            
    .\ASW\c01_MainAdc_ert_rtw\
       c01_MainAdc.obj                          142    0                  78                
    +--+----------------------------------------+------+------------------+--------------------+
       Total:                                   142    0                  78                
                                                                                            
    .\ASW\c02_SubAdc_ert_rtw\
       c02_SubAdc.obj                           417    0                  616               
    +--+----------------------------------------+------+------------------+--------------------+
       Total:                                   417    0                  616               
                                                                                            
    .\ASW\d01_Diaglnteg_ert_rtw\
       d01_Diaglnteg.obj                        575    0                  112               
    +--+----------------------------------------+------+------------------+--------------------+
       Total:                                   575    0                  112               
                                                                                            
    .\ASW\e01_MtrCtrl_VarGain_ert_rtw\
       e01_MtrCtrl_VarGain.obj                  243    0                  116               
    +--+----------------------------------------+------+------------------+--------------------+
       Total:                                   243    0                  116               
                                                                                            
    .\ASW\e02_MtrCtrl_Pst_ert_rtw\
       e02_MtrCtrl_Pst.obj                      464    0                  106               
    +--+----------------------------------------+------+------------------+--------------------+
       Total:                                   464    0                  106               
                                                                                            
    .\ASW\e03_MtrCtrl_MtrCtrl_ert_rtw\
       e03_MtrCtrl_MtrCtrl.obj                  1495   0                  306               
    +--+----------------------------------------+------+------------------+--------------------+
       Total:                                   1495   0                  306               
                                                                                            
    .\ASW\e04_MtrCtrl_PwmSet_ert_rtw\
       e04_MtrCtrl_PwmSet.obj                   221    0                  38                
    +--+----------------------------------------+------+------------------+--------------------+
       Total:                                   221    0                  38                
                                                                                            
    .\ASW\f01_CommRx1_ert_rtw\
       f01_CommRx1.obj                          313    0                  250               
    +--+----------------------------------------+------+------------------+--------------------+
       Total:                                   313    0                  250               
                                                                                            
    .\ASW\g03_CommTx_ert_rtw\
       g03_CommTx.obj                           132    0                  140               
    +--+----------------------------------------+------+------------------+--------------------+
       Total:                                   132    0                  140               
                                                                                            
    .\ASW\h01_MdeMgmt_ert_rtw\
       h01_MdeMgmt.obj                          147    0                  64                
    +--+----------------------------------------+------+------------------+--------------------+
       Total:                                   147    0                  64                
                                                                                            
    .\ASW\j01_McuInit_ert_rtw\
       j01_McuInit.obj                          67     0                  20                
    +--+----------------------------------------+------+------------------+--------------------+
       Total:                                   67     0                  20                
                                                                                            
    .\ASW\slprj\ert\_sharedutils\
       look1_iflf_binlca.obj                    104    0                  0                 
    +--+----------------------------------------+------+------------------+--------------------+
       Total:                                   104    0                  0                 
                                                                                            
    .\BSW\Source\
       DSP2834x_GlobalVariableDefs.obj          0      0                  2806              
       D02_DRV_I2C.obj                          944    800                734               
       D01_DRV_CAN.obj                          484    56                 36                
       main.obj                                 574    0                  2                 
       ePWM.obj                                 404    0                  0                 
       DAC.obj                                  340    0                  44                
       SysCtrl.obj                              362    0                  0                 
       M2_Interrupt.obj                         295    42                 23                
       M1_Interrupt.obj                         270    52                 13                
       Xintf.obj                                98     0                  0                 
       GPIO.obj                                 92     0                  0                 
       L02_ADC_READ.obj                         33     0                  6                 
       D09_DRV_TMR.obj                          25     0                  1                 
       Sensor.obj                               26     0                  0                 
       WatchDog.obj                             21     0                  0                 
       DSP2834x_CodeStartBranch.obj             10     0                  0                 
       DSP2834x_usDelay.obj                     4      0                  0                 
    +--+----------------------------------------+------+------------------+--------------------+
       Total:                                   3982   950                3665              
                                                                                            
    C:\Users\admin\AppData\Local\Temp\
       {52BAB147-EB66-465D-984B-54DBABA73952}   0      1244               0                 
    +--+----------------------------------------+------+------------------+--------------------+
       Total:                                   0      1244               0                 
                                                                                            
    C:\ti\ccs1281\ccs\tools\compiler\ti-cgt-c2000_22.6.1.LTS\lib\rts2800_fpu32.lib
       fs_div28.asm.obj                         136    0                  0                 
       ti_fmax.c.obj                            114    0                  0                 
       s_sinf.c.obj                             102    0                  0                 
       s_cosf.c.obj                             99     0                  0                 
       s_floorf.c.obj                           89     0                  0                 
       boot28.asm.obj                           86     0                  0                 
       exit.c.obj                               41     14                 6                 
       fd_cmp28.asm.obj                         42     0                  0                 
       e_sqrtf.c.obj                            39     0                  0                 
       fs_tollfpu32.asm.obj                     38     0                  0                 
       cpy_tbl.c.obj                            36     0                  0                 
       ll_tofsfpu32.asm.obj                     32     0                  0                 
       ll_cmp28.asm.obj                         30     0                  0                 
       memcpy.c.obj                             28     0                  0                 
       ll_aox28.asm.obj                         24     0                  0                 
       args_main.c.obj                          18     0                  0                 
       ull_tofsfpu32.asm.obj                    17     0                  0                 
       _lock.c.obj                              1      0                  4                 
       pre_init.c.obj                           2      0                  0                 
       errno.c.obj                              0      0                  1                 
       startup.c.obj                            1      0                  0                 
    +--+----------------------------------------+------+------------------+--------------------+
       Total:                                   975    14                 11                
                                                                                            
       Stack:                                   0      0                  768               
    +--+----------------------------------------+------+------------------+--------------------+
       Grand Total:                             9314   2208               6342              


GLOBAL DATA SYMBOLS: SORTED BY DATA PAGE

address     data page           name
--------    ----------------    ----
00000400      10 (00000400)     __stack

00000880      22 (00000880)     _DevEmuRegs

00000ae0      2b (00000ac0)     _CsmRegs

00000b20      2c (00000b00)     _XintfRegs

00000c00      30 (00000c00)     _CpuTimer0Regs
00000c08      30 (00000c00)     _CpuTimer1Regs
00000c10      30 (00000c00)     _CpuTimer2Regs

00000ce0      33 (00000cc0)     _PieCtrlRegs

00000d00      34 (00000d00)     _PieVectTable

00001000      40 (00001000)     _DmaRegs

00005000     140 (00005000)     _McbspaRegs

00005040     141 (00005040)     _McbspbRegs

00006000     180 (00006000)     _ECanaRegs

00006040     181 (00006040)     _ECanaLAMRegs

00006080     182 (00006080)     _ECanaMOTSRegs

000060c0     183 (000060c0)     _ECanaMOTORegs

00006100     184 (00006100)     _ECanaMboxes

00006200     188 (00006200)     _ECanbRegs

00006240     189 (00006240)     _ECanbLAMRegs

00006280     18a (00006280)     _ECanbMOTSRegs

000062c0     18b (000062c0)     _ECanbMOTORegs

00006300     18c (00006300)     _ECanbMboxes

00006600     198 (00006600)     _EPwm9Regs

00006800     1a0 (00006800)     _EPwm1Regs

00006840     1a1 (00006840)     _EPwm2Regs

00006880     1a2 (00006880)     _EPwm3Regs

000068c0     1a3 (000068c0)     _EPwm4Regs

00006900     1a4 (00006900)     _EPwm5Regs

00006940     1a5 (00006940)     _EPwm6Regs

00006980     1a6 (00006980)     _EPwm7Regs

000069c0     1a7 (000069c0)     _EPwm8Regs

00006a00     1a8 (00006a00)     _ECap1Regs
00006a20     1a8 (00006a00)     _ECap2Regs

00006a40     1a9 (00006a40)     _ECap3Regs
00006a60     1a9 (00006a40)     _ECap4Regs

00006a80     1aa (00006a80)     _ECap5Regs
00006aa0     1aa (00006a80)     _ECap6Regs

00006b00     1ac (00006b00)     _EQep1Regs

00006b40     1ad (00006b40)     _EQep2Regs

00006b80     1ae (00006b80)     _EQep3Regs

00006f80     1be (00006f80)     _GpioCtrlRegs

00006fc0     1bf (00006fc0)     _GpioDataRegs
00006fe0     1bf (00006fc0)     _GpioIntRegs

00007010     1c0 (00007000)     _SysCtrlRegs

00007040     1c1 (00007040)     _SpiaRegs
00007050     1c1 (00007040)     _SciaRegs
00007070     1c1 (00007040)     _XIntruptRegs

00007750     1dd (00007740)     _ScibRegs
00007770     1dd (00007740)     _ScicRegs

00007780     1de (00007780)     _SpidRegs

00007900     1e4 (00007900)     _I2caRegs

000087b6     21e (00008780)     _mCRX1_uRxChSel
000087b8     21e (00008780)     _mCRX1_u32CrrDataLow
000087ba     21e (00008780)     _mCRX1_u32CrrDataHigh
000087bc     21e (00008780)     _CANMBOXES
000087be     21e (00008780)     _CANREGS

000087c0     21f (000087c0)     _mSsens_sIvtTempLow
000087c2     21f (000087c0)     _mSsens_sMrtTempLow
000087c4     21f (000087c0)     _GvC02DW

00008a28     228 (00008a00)     _mMinit_uHwFltCurrOffset
00008a29     228 (00008a00)     _mMinit_uFlgChangeISR
00008a2a     228 (00008a00)     _mMinit_sCurrOfsIa
00008a2c     228 (00008a00)     _mMinit_sCurrOfsIb
00008a2e     228 (00008a00)     _GvJ01DW
00008a3c     228 (00008a00)     __lock
00008a3e     228 (00008a00)     __unlock

00008a40     229 (00008a40)     _mCTRL_sTqRefIn
00008a42     229 (00008a40)     _mCTRL_sIsRef
00008a44     229 (00008a40)     _mCTRL_sIdeRef
00008a46     229 (00008a40)     _mCTRL_sIqeRef
00008a48     229 (00008a40)     _mCTRL_sIde
00008a4a     229 (00008a40)     _mCTRL_sIqe
00008a4c     229 (00008a40)     _mCTRL_sIfTheta
00008a4e     229 (00008a40)     _mCTRL_sIfFreq
00008a50     229 (00008a40)     _mCTRL_sSpdRefIn
00008a52     229 (00008a40)     _mCTRL_sVdeRefLow
00008a54     229 (00008a40)     _mCTRL_sVqeRefLow
00008a56     229 (00008a40)     _mCTRL_sVdeRef
00008a58     229 (00008a40)     _mCTRL_sVqeRef
00008a5a     229 (00008a40)     _mCTRL_sThetaCtrl

00008b00     22c (00008b00)     _GvE03DW

00008b72     22d (00008b40)     _mI2c_uFlagSaveEncOrigin
00008b73     22d (00008b40)     _uFlagSaveEncOriginZ
00008b74     22d (00008b40)     _mI2c_uFlagResetEnc
00008b75     22d (00008b40)     _uFlagResetEncZ
00008b76     22d (00008b40)     _error_code
00008b77     22d (00008b40)     _main_temp0
00008b78     22d (00008b40)     _Flag_EEPROM_Busy
00008b79     22d (00008b40)     _EEP_Load0
00008b7a     22d (00008b40)     _EEP_Load1
00008b7b     22d (00008b40)     _eep_cnt
00008b7c     22d (00008b40)     _eep_addr
00008b7d     22d (00008b40)     _eep_inter_addr
00008b7e     22d (00008b40)     _eep_data
00008b7f     22d (00008b40)     _Flag_Init

00008b80     22e (00008b80)     _mCRX_uAllowingOperation
00008b81     22e (00008b80)     _mCRX_uCtrlMde0Digt1Can
00008b82     22e (00008b80)     _mCRX_uMtrCtrlMde
00008b83     22e (00008b80)     _mCRX_uSvOn
00008b84     22e (00008b80)     _mCRX_uStart
00008b85     22e (00008b80)     _mCRX_uEmg
00008b86     22e (00008b80)     _mCRX_uAlarmRst
00008b87     22e (00008b80)     _mCRX_uRefPst
00008b88     22e (00008b80)     _mCRX_uStop
00008b89     22e (00008b80)     _mCRX_uOrgin
00008b8a     22e (00008b80)     _mCRX_uDogin
00008b8b     22e (00008b80)     _mCRX_uPJog
00008b8c     22e (00008b80)     _mCRX_uNJog
00008b8d     22e (00008b80)     _mCRX_uEnMpg
00008b8e     22e (00008b80)     _mCRX_uDaCase
00008b90     22e (00008b80)     _mCRX_sVltCurrTqCmd
00008b92     22e (00008b80)     _mCRX_sFreqBetaCmd
00008b94     22e (00008b80)     _mCRX_sSpdCmd
00008b96     22e (00008b80)     _GvF01DW

00008c7a     231 (00008c40)     _ADR_i32IaSens
00008c7b     231 (00008c40)     _ADR_i32IbSens
00008c7c     231 (00008c40)     _ADR_i32HVdcSens
00008c7d     231 (00008c40)     _ADR_i32IvtTempSens
00008c7e     231 (00008c40)     _ADR_i32MtrTempSens
00008c7f     231 (00008c40)     _ADR_i32IcSens

00008c80     232 (00008c80)     _mCTX_u32DataLowTx1
00008c82     232 (00008c80)     _mCTX_u32DataHighTx1
00008c84     232 (00008c80)     _mCTX_u32DataLowTx2
00008c86     232 (00008c80)     _mCTX_u32DataHighTx2
00008c88     232 (00008c80)     _GvG03DW

00008d0c     234 (00008d00)     _mSched_uFlagSpdCtrl
00008d0d     234 (00008d00)     _mSched_uFlagSpdSlop
00008d0e     234 (00008d00)     _mBSW_sTime
00008d10     234 (00008d00)     _mBSW_sTime2
00008d12     234 (00008d00)     _mBSW_sOutloopTime
00008d14     234 (00008d00)     _mBSW_sTimePstCtrl
00008d16     234 (00008d00)     _mBSW_sInvTimePstCtrl
00008d18     234 (00008d00)     _mBSW_sFreq
00008d1a     234 (00008d00)     _mSched_i32CntForSch
00008d1c     234 (00008d00)     _mSched_i32CntForVarGain
00008d1e     234 (00008d00)     _GvB01DW

00008d40     235 (00008d40)     _mMCVG_sPCG_Kp
00008d42     235 (00008d40)     _mMCVG_sPCG_Ki
00008d44     235 (00008d40)     _mMCVG_sPCG_Kd
00008d46     235 (00008d40)     _mMCVG_sPCG_Ka
00008d48     235 (00008d40)     _mMCVG_sPCG_Apst
00008d4a     235 (00008d40)     _mMCVG_sSCG_Kp
00008d4c     235 (00008d40)     _mMCVG_sSCG_Ki
00008d4e     235 (00008d40)     _mMCVG_sSCG_Ka
00008d50     235 (00008d40)     _mMCVG_sSCG_Apst
00008d52     235 (00008d40)     _mMCVG_sCCG_Kpd
00008d54     235 (00008d40)     _mMCVG_sCCG_Kid
00008d56     235 (00008d40)     _mMCVG_sCCG_Kad
00008d58     235 (00008d40)     _mMCVG_sCCG_Kpq
00008d5a     235 (00008d40)     _mMCVG_sCCG_Kiq
00008d5c     235 (00008d40)     _mMCVG_sCCG_Kaq
00008d5e     235 (00008d40)     _mMCVG_sSpdSlpRising
00008d60     235 (00008d40)     _mMCVG_sSpdSlpFalling
00008d62     235 (00008d40)     _mMCVG_sTqSlpRising
00008d64     235 (00008d40)     _mMCVG_sTqSlpFalling
00008d66     235 (00008d40)     _mMCVG_sCurrSlpRising
00008d68     235 (00008d40)     _mMCVG_sCurrSlpFalling
00008d6a     235 (00008d40)     _GvE01DW

00008db4     236 (00008d80)     _uFlagDigInDebZ
00008db5     236 (00008d80)     _uFlagDigInDeb
00008db6     236 (00008d80)     _mBSW_uEstpSwitchDtc
00008db7     236 (00008d80)     _mBSW_uExinputAll
00008db8     236 (00008d80)     _uEXINPUT
00008db9     236 (00008d80)     _uEXINPUT_Z
00008dba     236 (00008d80)     _uEXOUTPUT
00008dbc     236 (00008d80)     _i32CntDigtInDeb
00008dbe     236 (00008d80)     _i32DigtInDebCntSet

00008dc0     237 (00008dc0)     _mDIAG_uFltStat
00008dc1     237 (00008dc0)     _mDIAG_uChprOpr1On0Off
00008dc2     237 (00008dc0)     _mDIAG_uFan1On0Off
00008dc3     237 (00008dc0)     _mDIAG_uCntCrtOvr
00008dc4     237 (00008dc0)     _mDIAG_u32FltAll
00008dc6     237 (00008dc0)     _sF01_T01_EstopSwitchFlt
00008dc8     237 (00008dc0)     _sF02_T01_IgptShrtFlt
00008dca     237 (00008dc0)     _sF03_T01_HvdcOvrVolFlt
00008dcc     237 (00008dc0)     _sF04_T01_HvdcUdrVolFlt
00008dce     237 (00008dc0)     _sF05_T30_CrtSnsrFlt
00008dd0     237 (00008dc0)     _sF06_T30_CrtSnsrOfsFlt
00008dd2     237 (00008dc0)     _sF07_T30_CrtStallFlt
00008dd4     237 (00008dc0)     _sF08_T01_CrtOvrFlt
00008dd6     237 (00008dc0)     _sF09_T30_IvtTempSnsrFlt
00008dd8     237 (00008dc0)     _sF10_T30_IvtTempOvrFlt
00008dda     237 (00008dc0)     _sF11_T30_MtrTempSnsrFlt
00008ddc     237 (00008dc0)     _sF12_T30_MtrTempOvrFlt
00008dde     237 (00008dc0)     _sF13_T10_MtrSpdFlt
00008de0     237 (00008dc0)     _sF16_T10_InitNvRam

00008e1e     238 (00008e00)     _GvD01DW
00008e30     238 (00008e00)     _CAN_TX_ID
00008e3e     238 (00008e00)     _mBSW_i32Cnt_CanTxTimer

00008e40     239 (00008e40)     _mMTPST_sRpm
00008e42     239 (00008e40)     _mMTPST_sWm
00008e44     239 (00008e40)     _mMTPST_sWe
00008e46     239 (00008e40)     _mMTPST_sTheta
00008e48     239 (00008e40)     _mMTPST_u32EncMultiTurn
00008e4a     239 (00008e40)     _mMTPST_sIde
00008e4c     239 (00008e40)     _mMTPST_sIqe
00008e4e     239 (00008e40)     _mMTPST_sIds
00008e50     239 (00008e40)     _mMTPST_sIqs
00008e52     239 (00008e40)     _mMTPST_i64TurretPst

00008e94     23a (00008e80)     _GvE02DW
00008eaa     23a (00008e80)     _mBSW_uInitNvRam
00008eab     23a (00008e80)     _mEnc_uCF
00008eac     23a (00008e80)     _mEnc_uSF
00008ead     23a (00008e80)     _mEnc_uEND
00008eae     23a (00008e80)     _mEnc_uALMC
00008eaf     23a (00008e80)     _mEnc_uCRC
00008eb0     23a (00008e80)     _mEnc_uABS0
00008eb1     23a (00008e80)     _mEnc_uABS1
00008eb2     23a (00008e80)     _mEnc_uABS2
00008eb3     23a (00008e80)     _mEnc_uABM0
00008eb4     23a (00008e80)     _mEnc_uABM1
00008eb5     23a (00008e80)     _mEnc_uABM2
00008eb6     23a (00008e80)     _mCRX_uAlarmRstZ
00008eb7     23a (00008e80)     _mBSW_u1msFlag
00008eb8     23a (00008e80)     ___TI_enable_exit_profile_output
00008eba     23a (00008e80)     ___TI_cleanup_ptr
00008ebc     23a (00008e80)     ___TI_dtors_ptr
00008ebe     23a (00008e80)     _errno

00008ec0     23b (00008ec0)     _mMsens_sIa
00008ec2     23b (00008ec0)     _mMsens_sIb
00008ec4     23b (00008ec0)     _mMsens_sIc
00008ec6     23b (00008ec0)     _mMsens_sAbsIa
00008ec8     23b (00008ec0)     _mMsens_sAbsIb
00008eca     23b (00008ec0)     _mMsens_sAbsIc
00008ecc     23b (00008ec0)     _mMsens_sHVdcLow
00008ece     23b (00008ec0)     _mMsens_sInvHVdcLow
00008ed6     23b (00008ec0)     _GvC01DW

00008f0e     23c (00008f00)     _DACS

00008f40     23d (00008f40)     _mSMDE_uMtrCtrlMde
00008f41     23d (00008f40)     _mSMDE_uFlagInverterOut
00008f42     23d (00008f40)     _mSMDE_uOprState
00008f43     23d (00008f40)     _mSMDE_uOrgNotDef
00008f44     23d (00008f40)     _mSMDE_uFlagSaveEncOrigin
00008f45     23d (00008f40)     _mSMDE_uFlagResetEnc
00008f46     23d (00008f40)     _mSMDE_sSpdLimit
00008f48     23d (00008f40)     _mSMDE_sSpdRef
00008f4a     23d (00008f40)     _mSMDE_sIfFreqSeqOut
00008f4c     23d (00008f40)     _mSMDE_sSpdRefInSeqOut
00008f4e     23d (00008f40)     _mSMDE_sRefAngleDisp
00008f50     23d (00008f40)     _mSMDE_sActAngleDisp
00008f52     23d (00008f40)     _mSMDE_sAngleErrDisp
00008f54     23d (00008f40)     _mSMDE_sRefAngle
00008f56     23d (00008f40)     _mSMDE_sActAngle
00008f58     23d (00008f40)     _mSMDE_sAngleErr
00008f5a     23d (00008f40)     _mSMDE_i64PstRef
00008f5e     23d (00008f40)     _mSMDE_i64PstOrigin
00008f62     23d (00008f40)     _GvH01Y
00008f6c     23d (00008f40)     _GvH01DW

00008f80     23e (00008f80)     _P1

00008fc0     23f (00008fc0)     _P1_DP

00009000     240 (00009000)     _P1_RV

00009040     241 (00009040)     _P2

00009080     242 (00009080)     _P2_DP

000090c0     243 (000090c0)     _P2_RV

00009100     244 (00009100)     _PC

00009140     245 (00009140)     _PC_DP

00009180     246 (00009180)     _PC_RV

000091c0     247 (000091c0)     _PD

00009200     248 (00009200)     _PD_DP

00009240     249 (00009240)     _PD_RV

00009280     24a (00009280)     _mGPwm_sVanRef
00009282     24a (00009280)     _mGPwm_sVbnRef
00009284     24a (00009280)     _mGPwm_sVcnRef
00009286     24a (00009280)     _mGPwm_sMiLow
00009288     24a (00009280)     _mGPwm_sThetaCtrl
0000929a     24a (00009280)     _GvE04DW
000092a6     24a (00009280)     _CAN_RX_ID
000092b2     24a (00009280)     _mBSW_a11uReadInput

0000a000     280 (0000a000)     _Const_P1
0000a03c     280 (0000a000)     _Const_P2

0000a078     281 (0000a040)     _Const_PC

0000a0b4     282 (0000a080)     _Const_PD

0033fff8    cfff (0033ffc0)     _CsmPwl


GLOBAL SYMBOLS: SORTED ALPHABETICALLY BY Name 

page  address   name                            
----  -------   ----                            
abs   ffffffff  .text                           
1     0000e28e  C$$EXIT                         
1     0000e264  FD$$CMP                         
1     0000dd53  FS$$DIV                         
1     0000e2df  FS$$TOLL                        
1     0000e3fc  LL$$AND                         
1     0000e38f  LL$$CMP                         
1     0000e404  LL$$OR                          
1     0000e36f  LL$$TOFS                        
1     0000e40c  LL$$XOR                         
1     0000e3a1  ULL$$CMP                        
1     0000e43b  ULL$$TOFS                       
1     0000e3c9  _ADC_CONVST                     
0     00008c7c  _ADR_i32HVdcSens                
0     00008c7a  _ADR_i32IaSens                  
0     00008c7b  _ADR_i32IbSens                  
0     00008c7f  _ADR_i32IcSens                  
0     00008c7d  _ADR_i32IvtTempSens             
0     00008c7e  _ADR_i32MtrTempSens             
1     0000c961  _Bftn_ResetEncMultiTurn         
1     0000c8ea  _Bftn_SaveOriginData            
0     000087bc  _CANMBOXES                      
0     000087be  _CANREGS                        
1     0000d465  _CAN_HostTx                     
0     000092a6  _CAN_RX_ID                      
0     00008e30  _CAN_TX_ID                      
0     0000a000  _Const_P1                       
0     0000a03c  _Const_P2                       
0     0000a078  _Const_PC                       
0     0000a0b4  _Const_PD                       
1     00000c00  _CpuTimer0Regs                  
1     00000c08  _CpuTimer1Regs                  
1     00000c10  _CpuTimer2Regs                  
1     0033fff8  _CsmPwl                         
1     00000ae0  _CsmRegs                        
0     00008f0e  _DACS                           
1     0000d5fb  _DAC_Out                        
0     000087b2  _DSP28x_usDelay                 
1     00000880  _DevEmuRegs                     
1     0000e421  _DisableDog                     
1     00001000  _DmaRegs                        
1     00006040  _ECanaLAMRegs                   
1     000060c0  _ECanaMOTORegs                  
1     00006080  _ECanaMOTSRegs                  
1     00006100  _ECanaMboxes                    
1     00006000  _ECanaRegs                      
1     00006240  _ECanbLAMRegs                   
1     000062c0  _ECanbMOTORegs                  
1     00006280  _ECanbMOTSRegs                  
1     00006300  _ECanbMboxes                    
1     00006200  _ECanbRegs                      
1     00006a00  _ECap1Regs                      
1     00006a20  _ECap2Regs                      
1     00006a40  _ECap3Regs                      
1     00006a60  _ECap4Regs                      
1     00006a80  _ECap5Regs                      
1     00006aa0  _ECap6Regs                      
0     00008b79  _EEP_Load0                      
0     00008b7a  _EEP_Load1                      
1     00006800  _EPwm1Regs                      
1     00006840  _EPwm2Regs                      
1     00006880  _EPwm3Regs                      
1     000068c0  _EPwm4Regs                      
1     00006900  _EPwm5Regs                      
1     00006940  _EPwm6Regs                      
1     00006980  _EPwm7Regs                      
1     000069c0  _EPwm8Regs                      
1     00006600  _EPwm9Regs                      
1     00006b00  _EQep1Regs                      
1     00006b40  _EQep2Regs                      
1     00006b80  _EQep3Regs                      
1     0000c7fb  _Eep_Init                       
1     0000c74e  _Eep_Load                       
1     0000c5e7  _Eep_Save                       
1     0000c5d7  _Eeprom_Delay                   
0     00008b78  _Flag_EEPROM_Busy               
0     00008b7f  _Flag_Init                      
1     00006f80  _GpioCtrlRegs                   
1     00006fc0  _GpioDataRegs                   
1     00006fe0  _GpioIntRegs                    
0     00008d1e  _GvB01DW                        
0     00008ed6  _GvC01DW                        
0     000087c4  _GvC02DW                        
0     00008e1e  _GvD01DW                        
0     00008d6a  _GvE01DW                        
0     00008e94  _GvE02DW                        
0     00008b00  _GvE03DW                        
0     0000929a  _GvE04DW                        
0     00008b96  _GvF01DW                        
0     00008c88  _GvG03DW                        
0     00008f6c  _GvH01DW                        
0     00008f62  _GvH01Y                         
0     00008a2e  _GvJ01DW                        
1     00007900  _I2caRegs                       
1     0000e1ff  _ISR_CAN_HostRx                 
1     0000e1cf  _ISR_CAN_HostRx_Monitor         
1     0000e3e3  _ISR_CAN_TX                     
1     0000e44c  _ISR_Default                    
1     0000df9f  _Init_GPIO                      
1     0000c73f  _Init_I2C                       
1     0000d5d2  _Init_PLL                       
1     0000d1cc  _Init_PWM                       
1     0000d579  _Init_PeripheralClocks          
1     0000d556  _Init_PieCtrl                   
1     0000d4b8  _Init_PieVectTable              
1     0000e063  _Init_Xintf                     
1     0000d309  _Init_eCAN                      
1     0000e34e  _L02_ADC_READ                   
1     0000d8de  _M1_Interrupt                   
1     0000d888  _M1_Offset                      
1     0000dbb2  _M2_Interrupt                   
1     0000db66  _M2_Offset                      
1     00005000  _McbspaRegs                     
1     00005040  _McbspbRegs                     
0     00008f80  _P1                             
0     00008fc0  _P1_DP                          
0     00009000  _P1_RV                          
1     0000c6f7  _P1_Save                        
0     00009040  _P2                             
0     00009080  _P2_DP                          
0     000090c0  _P2_RV                          
1     0000c6af  _P2_Save                        
0     00009100  _PC                             
0     00009140  _PC_DP                          
0     00009180  _PC_RV                          
1     0000c667  _PC_Save                        
0     000091c0  _PD                             
0     00009200  _PD_DP                          
0     00009240  _PD_RV                          
1     0000c61f  _PD_Save                        
1     0000d17d  _PWM_SetDuty                    
1     00000ce0  _PieCtrlRegs                    
1     00000d00  _PieVectTable                   
1     0000e414  _ResetDog                       
1     00007050  _SciaRegs                       
1     00007750  _ScibRegs                       
1     00007770  _ScicRegs                       
1     00007040  _SpiaRegs                       
1     00007780  _SpidRegs                       
1     0000d175  _Start_PWM                      
1     0000d49b  _Start_PieCtrl                  
1     00007010  _SysCtrlRegs                    
1     00007070  _XIntruptRegs                   
1     00000b20  _XintfRegs                      
1     00000700  __STACK_END                     
abs   00000300  __STACK_SIZE                    
0     00008eba  ___TI_cleanup_ptr               
0     00008ebc  ___TI_dtors_ptr                 
0     00008eb8  ___TI_enable_exit_profile_output
abs   ffffffff  ___TI_pprof_out_hndl            
abs   ffffffff  ___TI_prof_data_size            
abs   ffffffff  ___TI_prof_data_start           
abs   ffffffff  ___binit__                      
abs   ffffffff  ___c_args__                     
0     00008000  ___cinit__                      
abs   ffffffff  ___etext__                      
abs   ffffffff  ___pinit__                      
abs   ffffffff  ___text__                       
1     0000e429  __args_main                     
0     00008a3c  __lock                          
1     0000dffd  __nop                           
1     00000400  __stack                         
1     0000dffe  __system_post_cinit             
1     0000dffb  __system_pre_init               
0     00008a3e  __unlock                        
1     0000e28e  _abort                          
1     0000e305  _b01_OSnScheduler_step          
1     0000dcc5  _c01_MainAdc_step               
1     0000cfd4  _c02_SubAdc_step                
1     0000e179  _c_int00                        
1     0000e32a  _copy_in                        
1     0000e000  _cos                            
1     0000e000  _cosf                           
1     0000c987  _d01_Diaglnteg_initialize       
1     0000cb82  _d01_Diaglnteg_step             
1     0000d996  _e01_MtrCtrl_VarGain_initialize 
1     0000d9ec  _e01_MtrCtrl_VarGain_step       
1     0000cf02  _e02_MtrCtrl_Pst_step           
1     0000c4ab  _e03_MtrCtrl_MtrCtrl_step       
1     0000da89  _e04_MtrCtrl_PwmSet_step        
0     00008b7c  _eep_addr                       
0     00008b7b  _eep_cnt                        
0     00008b7e  _eep_data                       
0     00008b7d  _eep_inter_addr                 
0     00008ebe  _errno                          
0     00008b76  _error_code                     
1     0000e290  _exit                           
1     0000d74f  _f01_CommRx1_initialize         
1     0000e120  _floor                          
1     0000e120  _floorf                         
1     0000de98  _fmax                           
1     0000de98  _fmaxf                          
1     0000de5f  _fmin                           
1     0000de5f  _fminf                          
1     0000dc32  _h01_MdeMgmt_initialize         
0     00008dbc  _i32CntDigtInDeb                
0     00008dbe  _i32DigtInDebCntSet             
1     0000e221  _j01_McuInit_step               
1     0000ded1  _look1_iflf_binlca              
0     000092b2  _mBSW_a11uReadInput             
0     00008e3e  _mBSW_i32Cnt_CanTxTimer         
0     00008d18  _mBSW_sFreq                     
0     00008d16  _mBSW_sInvTimePstCtrl           
0     00008d12  _mBSW_sOutloopTime              
0     00008d0e  _mBSW_sTime                     
0     00008d10  _mBSW_sTime2                    
0     00008d14  _mBSW_sTimePstCtrl              
0     00008eb7  _mBSW_u1msFlag                  
0     00008db6  _mBSW_uEstpSwitchDtc            
0     00008db7  _mBSW_uExinputAll               
0     00008eaa  _mBSW_uInitNvRam                
0     000087ba  _mCRX1_u32CrrDataHigh           
0     000087b8  _mCRX1_u32CrrDataLow            
0     000087b6  _mCRX1_uRxChSel                 
0     00008b92  _mCRX_sFreqBetaCmd              
0     00008b94  _mCRX_sSpdCmd                   
0     00008b90  _mCRX_sVltCurrTqCmd             
0     00008b86  _mCRX_uAlarmRst                 
0     00008eb6  _mCRX_uAlarmRstZ                
0     00008b80  _mCRX_uAllowingOperation        
0     00008b81  _mCRX_uCtrlMde0Digt1Can         
0     00008b8e  _mCRX_uDaCase                   
0     00008b8a  _mCRX_uDogin                    
0     00008b85  _mCRX_uEmg                      
0     00008b8d  _mCRX_uEnMpg                    
0     00008b82  _mCRX_uMtrCtrlMde               
0     00008b8c  _mCRX_uNJog                     
0     00008b89  _mCRX_uOrgin                    
0     00008b8b  _mCRX_uPJog                     
0     00008b87  _mCRX_uRefPst                   
0     00008b84  _mCRX_uStart                    
0     00008b88  _mCRX_uStop                     
0     00008b83  _mCRX_uSvOn                     
0     00008a48  _mCTRL_sIde                     
0     00008a44  _mCTRL_sIdeRef                  
0     00008a4e  _mCTRL_sIfFreq                  
0     00008a4c  _mCTRL_sIfTheta                 
0     00008a4a  _mCTRL_sIqe                     
0     00008a46  _mCTRL_sIqeRef                  
0     00008a42  _mCTRL_sIsRef                   
0     00008a50  _mCTRL_sSpdRefIn                
0     00008a5a  _mCTRL_sThetaCtrl               
0     00008a40  _mCTRL_sTqRefIn                 
0     00008a56  _mCTRL_sVdeRef                  
0     00008a52  _mCTRL_sVdeRefLow               
0     00008a58  _mCTRL_sVqeRef                  
0     00008a54  _mCTRL_sVqeRefLow               
0     00008c82  _mCTX_u32DataHighTx1            
0     00008c86  _mCTX_u32DataHighTx2            
0     00008c80  _mCTX_u32DataLowTx1             
0     00008c84  _mCTX_u32DataLowTx2             
0     00008dc4  _mDIAG_u32FltAll                
0     00008dc1  _mDIAG_uChprOpr1On0Off          
0     00008dc3  _mDIAG_uCntCrtOvr               
0     00008dc2  _mDIAG_uFan1On0Off              
0     00008dc0  _mDIAG_uFltStat                 
0     00008eb3  _mEnc_uABM0                     
0     00008eb4  _mEnc_uABM1                     
0     00008eb5  _mEnc_uABM2                     
0     00008eb0  _mEnc_uABS0                     
0     00008eb1  _mEnc_uABS1                     
0     00008eb2  _mEnc_uABS2                     
0     00008eae  _mEnc_uALMC                     
0     00008eab  _mEnc_uCF                       
0     00008eaf  _mEnc_uCRC                      
0     00008ead  _mEnc_uEND                      
0     00008eac  _mEnc_uSF                       
0     00009286  _mGPwm_sMiLow                   
0     00009288  _mGPwm_sThetaCtrl               
0     00009280  _mGPwm_sVanRef                  
0     00009282  _mGPwm_sVbnRef                  
0     00009284  _mGPwm_sVcnRef                  
0     00008b74  _mI2c_uFlagResetEnc             
0     00008b72  _mI2c_uFlagSaveEncOrigin        
0     00008d56  _mMCVG_sCCG_Kad                 
0     00008d5c  _mMCVG_sCCG_Kaq                 
0     00008d54  _mMCVG_sCCG_Kid                 
0     00008d5a  _mMCVG_sCCG_Kiq                 
0     00008d52  _mMCVG_sCCG_Kpd                 
0     00008d58  _mMCVG_sCCG_Kpq                 
0     00008d68  _mMCVG_sCurrSlpFalling          
0     00008d66  _mMCVG_sCurrSlpRising           
0     00008d48  _mMCVG_sPCG_Apst                
0     00008d46  _mMCVG_sPCG_Ka                  
0     00008d44  _mMCVG_sPCG_Kd                  
0     00008d42  _mMCVG_sPCG_Ki                  
0     00008d40  _mMCVG_sPCG_Kp                  
0     00008d50  _mMCVG_sSCG_Apst                
0     00008d4e  _mMCVG_sSCG_Ka                  
0     00008d4c  _mMCVG_sSCG_Ki                  
0     00008d4a  _mMCVG_sSCG_Kp                  
0     00008d60  _mMCVG_sSpdSlpFalling           
0     00008d5e  _mMCVG_sSpdSlpRising            
0     00008d64  _mMCVG_sTqSlpFalling            
0     00008d62  _mMCVG_sTqSlpRising             
0     00008e52  _mMTPST_i64TurretPst            
0     00008e4a  _mMTPST_sIde                    
0     00008e4e  _mMTPST_sIds                    
0     00008e4c  _mMTPST_sIqe                    
0     00008e50  _mMTPST_sIqs                    
0     00008e40  _mMTPST_sRpm                    
0     00008e46  _mMTPST_sTheta                  
0     00008e44  _mMTPST_sWe                     
0     00008e42  _mMTPST_sWm                     
0     00008e48  _mMTPST_u32EncMultiTurn         
0     00008a2a  _mMinit_sCurrOfsIa              
0     00008a2c  _mMinit_sCurrOfsIb              
0     00008a29  _mMinit_uFlgChangeISR           
0     00008a28  _mMinit_uHwFltCurrOffset        
0     00008ec6  _mMsens_sAbsIa                  
0     00008ec8  _mMsens_sAbsIb                  
0     00008eca  _mMsens_sAbsIc                  
0     00008ecc  _mMsens_sHVdcLow                
0     00008ec0  _mMsens_sIa                     
0     00008ec2  _mMsens_sIb                     
0     00008ec4  _mMsens_sIc                     
0     00008ece  _mMsens_sInvHVdcLow             
0     00008f5e  _mSMDE_i64PstOrigin             
0     00008f5a  _mSMDE_i64PstRef                
0     00008f56  _mSMDE_sActAngle                
0     00008f50  _mSMDE_sActAngleDisp            
0     00008f58  _mSMDE_sAngleErr                
0     00008f52  _mSMDE_sAngleErrDisp            
0     00008f4a  _mSMDE_sIfFreqSeqOut            
0     00008f54  _mSMDE_sRefAngle                
0     00008f4e  _mSMDE_sRefAngleDisp            
0     00008f46  _mSMDE_sSpdLimit                
0     00008f48  _mSMDE_sSpdRef                  
0     00008f4c  _mSMDE_sSpdRefInSeqOut          
0     00008f41  _mSMDE_uFlagInverterOut         
0     00008f45  _mSMDE_uFlagResetEnc            
0     00008f44  _mSMDE_uFlagSaveEncOrigin       
0     00008f40  _mSMDE_uMtrCtrlMde              
0     00008f42  _mSMDE_uOprState                
0     00008f43  _mSMDE_uOrgNotDef               
0     00008d1a  _mSched_i32CntForSch            
0     00008d1c  _mSched_i32CntForVarGain        
0     00008d0c  _mSched_uFlagSpdCtrl            
0     00008d0d  _mSched_uFlagSpdSlop            
0     000087c0  _mSsens_sIvtTempLow             
0     000087c2  _mSsens_sMrtTempLow             
1     0000cc5d  _main                           
0     00008b77  _main_temp0                     
1     0000e3ad  _memcpy                         
0     00008dc6  _sF01_T01_EstopSwitchFlt        
0     00008dc8  _sF02_T01_IgptShrtFlt           
0     00008dca  _sF03_T01_HvdcOvrVolFlt         
0     00008dcc  _sF04_T01_HvdcUdrVolFlt         
0     00008dce  _sF05_T30_CrtSnsrFlt            
0     00008dd0  _sF06_T30_CrtSnsrOfsFlt         
0     00008dd2  _sF07_T30_CrtStallFlt           
0     00008dd4  _sF08_T01_CrtOvrFlt             
0     00008dd6  _sF09_T30_IvtTempSnsrFlt        
0     00008dd8  _sF10_T30_IvtTempOvrFlt         
0     00008dda  _sF11_T30_MtrTempSnsrFlt        
0     00008ddc  _sF12_T30_MtrTempOvrFlt         
0     00008dde  _sF13_T10_MtrSpdFlt             
0     00008de0  _sF16_T10_InitNvRam             
1     0000df39  _sin                            
1     0000df39  _sinf                           
1     0000e2b8  _sqrt                           
1     0000e2b8  _sqrtf                          
0     00008db8  _uEXINPUT                       
0     00008db9  _uEXINPUT_Z                     
0     00008dba  _uEXOUTPUT                      
0     00008db5  _uFlagDigInDeb                  
0     00008db4  _uFlagDigInDebZ                 
0     00008b75  _uFlagResetEncZ                 
0     00008b73  _uFlagSaveEncOriginZ            
abs   ffffffff  binit                           
0     00008000  cinit                           
0     00000000  code_start                      
abs   ffffffff  etext                           
abs   ffffffff  pinit                           


GLOBAL SYMBOLS: SORTED BY Symbol Address 

page  address   name                            
----  -------   ----                            
0     00000000  code_start                      
0     00008000  ___cinit__                      
0     00008000  cinit                           
0     000087b2  _DSP28x_usDelay                 
0     000087b6  _mCRX1_uRxChSel                 
0     000087b8  _mCRX1_u32CrrDataLow            
0     000087ba  _mCRX1_u32CrrDataHigh           
0     000087bc  _CANMBOXES                      
0     000087be  _CANREGS                        
0     000087c0  _mSsens_sIvtTempLow             
0     000087c2  _mSsens_sMrtTempLow             
0     000087c4  _GvC02DW                        
0     00008a28  _mMinit_uHwFltCurrOffset        
0     00008a29  _mMinit_uFlgChangeISR           
0     00008a2a  _mMinit_sCurrOfsIa              
0     00008a2c  _mMinit_sCurrOfsIb              
0     00008a2e  _GvJ01DW                        
0     00008a3c  __lock                          
0     00008a3e  __unlock                        
0     00008a40  _mCTRL_sTqRefIn                 
0     00008a42  _mCTRL_sIsRef                   
0     00008a44  _mCTRL_sIdeRef                  
0     00008a46  _mCTRL_sIqeRef                  
0     00008a48  _mCTRL_sIde                     
0     00008a4a  _mCTRL_sIqe                     
0     00008a4c  _mCTRL_sIfTheta                 
0     00008a4e  _mCTRL_sIfFreq                  
0     00008a50  _mCTRL_sSpdRefIn                
0     00008a52  _mCTRL_sVdeRefLow               
0     00008a54  _mCTRL_sVqeRefLow               
0     00008a56  _mCTRL_sVdeRef                  
0     00008a58  _mCTRL_sVqeRef                  
0     00008a5a  _mCTRL_sThetaCtrl               
0     00008b00  _GvE03DW                        
0     00008b72  _mI2c_uFlagSaveEncOrigin        
0     00008b73  _uFlagSaveEncOriginZ            
0     00008b74  _mI2c_uFlagResetEnc             
0     00008b75  _uFlagResetEncZ                 
0     00008b76  _error_code                     
0     00008b77  _main_temp0                     
0     00008b78  _Flag_EEPROM_Busy               
0     00008b79  _EEP_Load0                      
0     00008b7a  _EEP_Load1                      
0     00008b7b  _eep_cnt                        
0     00008b7c  _eep_addr                       
0     00008b7d  _eep_inter_addr                 
0     00008b7e  _eep_data                       
0     00008b7f  _Flag_Init                      
0     00008b80  _mCRX_uAllowingOperation        
0     00008b81  _mCRX_uCtrlMde0Digt1Can         
0     00008b82  _mCRX_uMtrCtrlMde               
0     00008b83  _mCRX_uSvOn                     
0     00008b84  _mCRX_uStart                    
0     00008b85  _mCRX_uEmg                      
0     00008b86  _mCRX_uAlarmRst                 
0     00008b87  _mCRX_uRefPst                   
0     00008b88  _mCRX_uStop                     
0     00008b89  _mCRX_uOrgin                    
0     00008b8a  _mCRX_uDogin                    
0     00008b8b  _mCRX_uPJog                     
0     00008b8c  _mCRX_uNJog                     
0     00008b8d  _mCRX_uEnMpg                    
0     00008b8e  _mCRX_uDaCase                   
0     00008b90  _mCRX_sVltCurrTqCmd             
0     00008b92  _mCRX_sFreqBetaCmd              
0     00008b94  _mCRX_sSpdCmd                   
0     00008b96  _GvF01DW                        
0     00008c7a  _ADR_i32IaSens                  
0     00008c7b  _ADR_i32IbSens                  
0     00008c7c  _ADR_i32HVdcSens                
0     00008c7d  _ADR_i32IvtTempSens             
0     00008c7e  _ADR_i32MtrTempSens             
0     00008c7f  _ADR_i32IcSens                  
0     00008c80  _mCTX_u32DataLowTx1             
0     00008c82  _mCTX_u32DataHighTx1            
0     00008c84  _mCTX_u32DataLowTx2             
0     00008c86  _mCTX_u32DataHighTx2            
0     00008c88  _GvG03DW                        
0     00008d0c  _mSched_uFlagSpdCtrl            
0     00008d0d  _mSched_uFlagSpdSlop            
0     00008d0e  _mBSW_sTime                     
0     00008d10  _mBSW_sTime2                    
0     00008d12  _mBSW_sOutloopTime              
0     00008d14  _mBSW_sTimePstCtrl              
0     00008d16  _mBSW_sInvTimePstCtrl           
0     00008d18  _mBSW_sFreq                     
0     00008d1a  _mSched_i32CntForSch            
0     00008d1c  _mSched_i32CntForVarGain        
0     00008d1e  _GvB01DW                        
0     00008d40  _mMCVG_sPCG_Kp                  
0     00008d42  _mMCVG_sPCG_Ki                  
0     00008d44  _mMCVG_sPCG_Kd                  
0     00008d46  _mMCVG_sPCG_Ka                  
0     00008d48  _mMCVG_sPCG_Apst                
0     00008d4a  _mMCVG_sSCG_Kp                  
0     00008d4c  _mMCVG_sSCG_Ki                  
0     00008d4e  _mMCVG_sSCG_Ka                  
0     00008d50  _mMCVG_sSCG_Apst                
0     00008d52  _mMCVG_sCCG_Kpd                 
0     00008d54  _mMCVG_sCCG_Kid                 
0     00008d56  _mMCVG_sCCG_Kad                 
0     00008d58  _mMCVG_sCCG_Kpq                 
0     00008d5a  _mMCVG_sCCG_Kiq                 
0     00008d5c  _mMCVG_sCCG_Kaq                 
0     00008d5e  _mMCVG_sSpdSlpRising            
0     00008d60  _mMCVG_sSpdSlpFalling           
0     00008d62  _mMCVG_sTqSlpRising             
0     00008d64  _mMCVG_sTqSlpFalling            
0     00008d66  _mMCVG_sCurrSlpRising           
0     00008d68  _mMCVG_sCurrSlpFalling          
0     00008d6a  _GvE01DW                        
0     00008db4  _uFlagDigInDebZ                 
0     00008db5  _uFlagDigInDeb                  
0     00008db6  _mBSW_uEstpSwitchDtc            
0     00008db7  _mBSW_uExinputAll               
0     00008db8  _uEXINPUT                       
0     00008db9  _uEXINPUT_Z                     
0     00008dba  _uEXOUTPUT                      
0     00008dbc  _i32CntDigtInDeb                
0     00008dbe  _i32DigtInDebCntSet             
0     00008dc0  _mDIAG_uFltStat                 
0     00008dc1  _mDIAG_uChprOpr1On0Off          
0     00008dc2  _mDIAG_uFan1On0Off              
0     00008dc3  _mDIAG_uCntCrtOvr               
0     00008dc4  _mDIAG_u32FltAll                
0     00008dc6  _sF01_T01_EstopSwitchFlt        
0     00008dc8  _sF02_T01_IgptShrtFlt           
0     00008dca  _sF03_T01_HvdcOvrVolFlt         
0     00008dcc  _sF04_T01_HvdcUdrVolFlt         
0     00008dce  _sF05_T30_CrtSnsrFlt            
0     00008dd0  _sF06_T30_CrtSnsrOfsFlt         
0     00008dd2  _sF07_T30_CrtStallFlt           
0     00008dd4  _sF08_T01_CrtOvrFlt             
0     00008dd6  _sF09_T30_IvtTempSnsrFlt        
0     00008dd8  _sF10_T30_IvtTempOvrFlt         
0     00008dda  _sF11_T30_MtrTempSnsrFlt        
0     00008ddc  _sF12_T30_MtrTempOvrFlt         
0     00008dde  _sF13_T10_MtrSpdFlt             
0     00008de0  _sF16_T10_InitNvRam             
0     00008e1e  _GvD01DW                        
0     00008e30  _CAN_TX_ID                      
0     00008e3e  _mBSW_i32Cnt_CanTxTimer         
0     00008e40  _mMTPST_sRpm                    
0     00008e42  _mMTPST_sWm                     
0     00008e44  _mMTPST_sWe                     
0     00008e46  _mMTPST_sTheta                  
0     00008e48  _mMTPST_u32EncMultiTurn         
0     00008e4a  _mMTPST_sIde                    
0     00008e4c  _mMTPST_sIqe                    
0     00008e4e  _mMTPST_sIds                    
0     00008e50  _mMTPST_sIqs                    
0     00008e52  _mMTPST_i64TurretPst            
0     00008e94  _GvE02DW                        
0     00008eaa  _mBSW_uInitNvRam                
0     00008eab  _mEnc_uCF                       
0     00008eac  _mEnc_uSF                       
0     00008ead  _mEnc_uEND                      
0     00008eae  _mEnc_uALMC                     
0     00008eaf  _mEnc_uCRC                      
0     00008eb0  _mEnc_uABS0                     
0     00008eb1  _mEnc_uABS1                     
0     00008eb2  _mEnc_uABS2                     
0     00008eb3  _mEnc_uABM0                     
0     00008eb4  _mEnc_uABM1                     
0     00008eb5  _mEnc_uABM2                     
0     00008eb6  _mCRX_uAlarmRstZ                
0     00008eb7  _mBSW_u1msFlag                  
0     00008eb8  ___TI_enable_exit_profile_output
0     00008eba  ___TI_cleanup_ptr               
0     00008ebc  ___TI_dtors_ptr                 
0     00008ebe  _errno                          
0     00008ec0  _mMsens_sIa                     
0     00008ec2  _mMsens_sIb                     
0     00008ec4  _mMsens_sIc                     
0     00008ec6  _mMsens_sAbsIa                  
0     00008ec8  _mMsens_sAbsIb                  
0     00008eca  _mMsens_sAbsIc                  
0     00008ecc  _mMsens_sHVdcLow                
0     00008ece  _mMsens_sInvHVdcLow             
0     00008ed6  _GvC01DW                        
0     00008f0e  _DACS                           
0     00008f40  _mSMDE_uMtrCtrlMde              
0     00008f41  _mSMDE_uFlagInverterOut         
0     00008f42  _mSMDE_uOprState                
0     00008f43  _mSMDE_uOrgNotDef               
0     00008f44  _mSMDE_uFlagSaveEncOrigin       
0     00008f45  _mSMDE_uFlagResetEnc            
0     00008f46  _mSMDE_sSpdLimit                
0     00008f48  _mSMDE_sSpdRef                  
0     00008f4a  _mSMDE_sIfFreqSeqOut            
0     00008f4c  _mSMDE_sSpdRefInSeqOut          
0     00008f4e  _mSMDE_sRefAngleDisp            
0     00008f50  _mSMDE_sActAngleDisp            
0     00008f52  _mSMDE_sAngleErrDisp            
0     00008f54  _mSMDE_sRefAngle                
0     00008f56  _mSMDE_sActAngle                
0     00008f58  _mSMDE_sAngleErr                
0     00008f5a  _mSMDE_i64PstRef                
0     00008f5e  _mSMDE_i64PstOrigin             
0     00008f62  _GvH01Y                         
0     00008f6c  _GvH01DW                        
0     00008f80  _P1                             
0     00008fc0  _P1_DP                          
0     00009000  _P1_RV                          
0     00009040  _P2                             
0     00009080  _P2_DP                          
0     000090c0  _P2_RV                          
0     00009100  _PC                             
0     00009140  _PC_DP                          
0     00009180  _PC_RV                          
0     000091c0  _PD                             
0     00009200  _PD_DP                          
0     00009240  _PD_RV                          
0     00009280  _mGPwm_sVanRef                  
0     00009282  _mGPwm_sVbnRef                  
0     00009284  _mGPwm_sVcnRef                  
0     00009286  _mGPwm_sMiLow                   
0     00009288  _mGPwm_sThetaCtrl               
0     0000929a  _GvE04DW                        
0     000092a6  _CAN_RX_ID                      
0     000092b2  _mBSW_a11uReadInput             
0     0000a000  _Const_P1                       
0     0000a03c  _Const_P2                       
0     0000a078  _Const_PC                       
0     0000a0b4  _Const_PD                       
1     00000400  __stack                         
1     00000700  __STACK_END                     
1     00000880  _DevEmuRegs                     
1     00000ae0  _CsmRegs                        
1     00000b20  _XintfRegs                      
1     00000c00  _CpuTimer0Regs                  
1     00000c08  _CpuTimer1Regs                  
1     00000c10  _CpuTimer2Regs                  
1     00000ce0  _PieCtrlRegs                    
1     00000d00  _PieVectTable                   
1     00001000  _DmaRegs                        
1     00005000  _McbspaRegs                     
1     00005040  _McbspbRegs                     
1     00006000  _ECanaRegs                      
1     00006040  _ECanaLAMRegs                   
1     00006080  _ECanaMOTSRegs                  
1     000060c0  _ECanaMOTORegs                  
1     00006100  _ECanaMboxes                    
1     00006200  _ECanbRegs                      
1     00006240  _ECanbLAMRegs                   
1     00006280  _ECanbMOTSRegs                  
1     000062c0  _ECanbMOTORegs                  
1     00006300  _ECanbMboxes                    
1     00006600  _EPwm9Regs                      
1     00006800  _EPwm1Regs                      
1     00006840  _EPwm2Regs                      
1     00006880  _EPwm3Regs                      
1     000068c0  _EPwm4Regs                      
1     00006900  _EPwm5Regs                      
1     00006940  _EPwm6Regs                      
1     00006980  _EPwm7Regs                      
1     000069c0  _EPwm8Regs                      
1     00006a00  _ECap1Regs                      
1     00006a20  _ECap2Regs                      
1     00006a40  _ECap3Regs                      
1     00006a60  _ECap4Regs                      
1     00006a80  _ECap5Regs                      
1     00006aa0  _ECap6Regs                      
1     00006b00  _EQep1Regs                      
1     00006b40  _EQep2Regs                      
1     00006b80  _EQep3Regs                      
1     00006f80  _GpioCtrlRegs                   
1     00006fc0  _GpioDataRegs                   
1     00006fe0  _GpioIntRegs                    
1     00007010  _SysCtrlRegs                    
1     00007040  _SpiaRegs                       
1     00007050  _SciaRegs                       
1     00007070  _XIntruptRegs                   
1     00007750  _ScibRegs                       
1     00007770  _ScicRegs                       
1     00007780  _SpidRegs                       
1     00007900  _I2caRegs                       
1     0000c4ab  _e03_MtrCtrl_MtrCtrl_step       
1     0000c5d7  _Eeprom_Delay                   
1     0000c5e7  _Eep_Save                       
1     0000c61f  _PD_Save                        
1     0000c667  _PC_Save                        
1     0000c6af  _P2_Save                        
1     0000c6f7  _P1_Save                        
1     0000c73f  _Init_I2C                       
1     0000c74e  _Eep_Load                       
1     0000c7fb  _Eep_Init                       
1     0000c8ea  _Bftn_SaveOriginData            
1     0000c961  _Bftn_ResetEncMultiTurn         
1     0000c987  _d01_Diaglnteg_initialize       
1     0000cb82  _d01_Diaglnteg_step             
1     0000cc5d  _main                           
1     0000cf02  _e02_MtrCtrl_Pst_step           
1     0000cfd4  _c02_SubAdc_step                
1     0000d175  _Start_PWM                      
1     0000d17d  _PWM_SetDuty                    
1     0000d1cc  _Init_PWM                       
1     0000d309  _Init_eCAN                      
1     0000d465  _CAN_HostTx                     
1     0000d49b  _Start_PieCtrl                  
1     0000d4b8  _Init_PieVectTable              
1     0000d556  _Init_PieCtrl                   
1     0000d579  _Init_PeripheralClocks          
1     0000d5d2  _Init_PLL                       
1     0000d5fb  _DAC_Out                        
1     0000d74f  _f01_CommRx1_initialize         
1     0000d888  _M1_Offset                      
1     0000d8de  _M1_Interrupt                   
1     0000d996  _e01_MtrCtrl_VarGain_initialize 
1     0000d9ec  _e01_MtrCtrl_VarGain_step       
1     0000da89  _e04_MtrCtrl_PwmSet_step        
1     0000db66  _M2_Offset                      
1     0000dbb2  _M2_Interrupt                   
1     0000dc32  _h01_MdeMgmt_initialize         
1     0000dcc5  _c01_MainAdc_step               
1     0000dd53  FS$$DIV                         
1     0000de5f  _fmin                           
1     0000de5f  _fminf                          
1     0000de98  _fmax                           
1     0000de98  _fmaxf                          
1     0000ded1  _look1_iflf_binlca              
1     0000df39  _sin                            
1     0000df39  _sinf                           
1     0000df9f  _Init_GPIO                      
1     0000dffb  __system_pre_init               
1     0000dffd  __nop                           
1     0000dffe  __system_post_cinit             
1     0000e000  _cos                            
1     0000e000  _cosf                           
1     0000e063  _Init_Xintf                     
1     0000e120  _floor                          
1     0000e120  _floorf                         
1     0000e179  _c_int00                        
1     0000e1cf  _ISR_CAN_HostRx_Monitor         
1     0000e1ff  _ISR_CAN_HostRx                 
1     0000e221  _j01_McuInit_step               
1     0000e264  FD$$CMP                         
1     0000e28e  C$$EXIT                         
1     0000e28e  _abort                          
1     0000e290  _exit                           
1     0000e2b8  _sqrt                           
1     0000e2b8  _sqrtf                          
1     0000e2df  FS$$TOLL                        
1     0000e305  _b01_OSnScheduler_step          
1     0000e32a  _copy_in                        
1     0000e34e  _L02_ADC_READ                   
1     0000e36f  LL$$TOFS                        
1     0000e38f  LL$$CMP                         
1     0000e3a1  ULL$$CMP                        
1     0000e3ad  _memcpy                         
1     0000e3c9  _ADC_CONVST                     
1     0000e3e3  _ISR_CAN_TX                     
1     0000e3fc  LL$$AND                         
1     0000e404  LL$$OR                          
1     0000e40c  LL$$XOR                         
1     0000e414  _ResetDog                       
1     0000e421  _DisableDog                     
1     0000e429  __args_main                     
1     0000e43b  ULL$$TOFS                       
1     0000e44c  _ISR_Default                    
1     0033fff8  _CsmPwl                         
abs   00000300  __STACK_SIZE                    
abs   ffffffff  .text                           
abs   ffffffff  ___TI_pprof_out_hndl            
abs   ffffffff  ___TI_prof_data_size            
abs   ffffffff  ___TI_prof_data_start           
abs   ffffffff  ___binit__                      
abs   ffffffff  ___c_args__                     
abs   ffffffff  ___etext__                      
abs   ffffffff  ___pinit__                      
abs   ffffffff  ___text__                       
abs   ffffffff  binit                           
abs   ffffffff  etext                           
abs   ffffffff  pinit                           

[374 symbols]
