<?xml version="1.0" encoding="ISO-8859-1" ?>
<link_info>
   <banner>TMS320C2000 Linker PC v22.6.1.LTS</banner>
   <copyright>Copyright (c) 1996-2018 Texas Instruments Incorporated</copyright>
   <link_time>0x68038c75</link_time>
   <link_errors>0x0</link_errors>
   <output_file>T220_2P0_020_C0P0_TI28346.out</output_file>
   <entry_point>
      <name>_c_int00</name>
      <address>0xe179</address>
   </entry_point>
   <input_file_list>
      <input_file id="fl-2">
         <path>.\ASW\b01_OSnScheduler_ert_rtw\</path>
         <kind>object</kind>
         <file>b01_OSnScheduler.obj</file>
         <name>b01_OSnScheduler.obj</name>
      </input_file>
      <input_file id="fl-3">
         <path>.\ASW\c01_MainAdc_ert_rtw\</path>
         <kind>object</kind>
         <file>c01_MainAdc.obj</file>
         <name>c01_MainAdc.obj</name>
      </input_file>
      <input_file id="fl-4">
         <path>.\ASW\c02_SubAdc_ert_rtw\</path>
         <kind>object</kind>
         <file>c02_SubAdc.obj</file>
         <name>c02_SubAdc.obj</name>
      </input_file>
      <input_file id="fl-5">
         <path>.\ASW\d01_Diaglnteg_ert_rtw\</path>
         <kind>object</kind>
         <file>d01_Diaglnteg.obj</file>
         <name>d01_Diaglnteg.obj</name>
      </input_file>
      <input_file id="fl-6">
         <path>.\ASW\e01_MtrCtrl_VarGain_ert_rtw\</path>
         <kind>object</kind>
         <file>e01_MtrCtrl_VarGain.obj</file>
         <name>e01_MtrCtrl_VarGain.obj</name>
      </input_file>
      <input_file id="fl-7">
         <path>.\ASW\e02_MtrCtrl_Pst_ert_rtw\</path>
         <kind>object</kind>
         <file>e02_MtrCtrl_Pst.obj</file>
         <name>e02_MtrCtrl_Pst.obj</name>
      </input_file>
      <input_file id="fl-8">
         <path>.\ASW\e03_MtrCtrl_MtrCtrl_ert_rtw\</path>
         <kind>object</kind>
         <file>e03_MtrCtrl_MtrCtrl.obj</file>
         <name>e03_MtrCtrl_MtrCtrl.obj</name>
      </input_file>
      <input_file id="fl-9">
         <path>.\ASW\e04_MtrCtrl_PwmSet_ert_rtw\</path>
         <kind>object</kind>
         <file>e04_MtrCtrl_PwmSet.obj</file>
         <name>e04_MtrCtrl_PwmSet.obj</name>
      </input_file>
      <input_file id="fl-a">
         <path>.\ASW\f01_CommRx1_ert_rtw\</path>
         <kind>object</kind>
         <file>f01_CommRx1.obj</file>
         <name>f01_CommRx1.obj</name>
      </input_file>
      <input_file id="fl-b">
         <path>.\ASW\g03_CommTx_ert_rtw\</path>
         <kind>object</kind>
         <file>g03_CommTx.obj</file>
         <name>g03_CommTx.obj</name>
      </input_file>
      <input_file id="fl-c">
         <path>.\ASW\h01_MdeMgmt_ert_rtw\</path>
         <kind>object</kind>
         <file>h01_MdeMgmt.obj</file>
         <name>h01_MdeMgmt.obj</name>
      </input_file>
      <input_file id="fl-d">
         <path>.\ASW\j01_McuInit_ert_rtw\</path>
         <kind>object</kind>
         <file>j01_McuInit.obj</file>
         <name>j01_McuInit.obj</name>
      </input_file>
      <input_file id="fl-e">
         <path>.\ASW\slprj\ert\_sharedutils\</path>
         <kind>object</kind>
         <file>look1_iflf_binlca.obj</file>
         <name>look1_iflf_binlca.obj</name>
      </input_file>
      <input_file id="fl-11">
         <path>.\BSW\Source\</path>
         <kind>object</kind>
         <file>D09_DRV_TMR.obj</file>
         <name>D09_DRV_TMR.obj</name>
      </input_file>
      <input_file id="fl-12">
         <path>.\BSW\Source\</path>
         <kind>object</kind>
         <file>DAC.obj</file>
         <name>DAC.obj</name>
      </input_file>
      <input_file id="fl-14">
         <path>.\BSW\Source\</path>
         <kind>object</kind>
         <file>DSP2834x_GlobalVariableDefs.obj</file>
         <name>DSP2834x_GlobalVariableDefs.obj</name>
      </input_file>
      <input_file id="fl-16">
         <path>.\BSW\Source\</path>
         <kind>object</kind>
         <file>EXT_FPGA.obj</file>
         <name>EXT_FPGA.obj</name>
      </input_file>
      <input_file id="fl-18">
         <path>.\BSW\Source\</path>
         <kind>object</kind>
         <file>L02_ADC_READ.obj</file>
         <name>L02_ADC_READ.obj</name>
      </input_file>
      <input_file id="fl-1b">
         <path>.\BSW\Source\</path>
         <kind>object</kind>
         <file>SPI.obj</file>
         <name>SPI.obj</name>
      </input_file>
      <input_file id="fl-21">
         <path>.\BSW\Source\</path>
         <kind>object</kind>
         <file>eQEP.obj</file>
         <name>eQEP.obj</name>
      </input_file>
      <input_file id="fl-22">
         <path>.\BSW\Source\</path>
         <kind>object</kind>
         <file>main.obj</file>
         <name>main.obj</name>
      </input_file>
      <input_file id="fl-34">
         <path>C:\ti\ccs1281\ccs\tools\compiler\ti-cgt-c2000_22.6.1.LTS\lib\</path>
         <kind>archive</kind>
         <file>rts2800_fpu32.lib</file>
         <name>e_sqrtf.c.obj</name>
      </input_file>
      <input_file id="fl-35">
         <path>C:\ti\ccs1281\ccs\tools\compiler\ti-cgt-c2000_22.6.1.LTS\lib\</path>
         <kind>archive</kind>
         <file>rts2800_fpu32.lib</file>
         <name>s_cosf.c.obj</name>
      </input_file>
      <input_file id="fl-36">
         <path>C:\ti\ccs1281\ccs\tools\compiler\ti-cgt-c2000_22.6.1.LTS\lib\</path>
         <kind>archive</kind>
         <file>rts2800_fpu32.lib</file>
         <name>s_floorf.c.obj</name>
      </input_file>
      <input_file id="fl-37">
         <path>C:\ti\ccs1281\ccs\tools\compiler\ti-cgt-c2000_22.6.1.LTS\lib\</path>
         <kind>archive</kind>
         <file>rts2800_fpu32.lib</file>
         <name>s_sinf.c.obj</name>
      </input_file>
      <input_file id="fl-38">
         <path>C:\ti\ccs1281\ccs\tools\compiler\ti-cgt-c2000_22.6.1.LTS\lib\</path>
         <kind>archive</kind>
         <file>rts2800_fpu32.lib</file>
         <name>ti_fmax.c.obj</name>
      </input_file>
      <input_file id="fl-41">
         <path>C:\ti\ccs1281\ccs\tools\compiler\ti-cgt-c2000_22.6.1.LTS\lib\</path>
         <kind>archive</kind>
         <file>rts2800_fpu32.lib</file>
         <name>cpy_tbl.c.obj</name>
      </input_file>
      <input_file id="fl-42">
         <path>C:\ti\ccs1281\ccs\tools\compiler\ti-cgt-c2000_22.6.1.LTS\lib\</path>
         <kind>archive</kind>
         <file>rts2800_fpu32.lib</file>
         <name>memcpy.c.obj</name>
      </input_file>
      <input_file id="fl-43">
         <path>C:\ti\ccs1281\ccs\tools\compiler\ti-cgt-c2000_22.6.1.LTS\lib\</path>
         <kind>archive</kind>
         <file>rts2800_fpu32.lib</file>
         <name>pre_init.c.obj</name>
      </input_file>
      <input_file id="fl-46">
         <path>C:\ti\ccs1281\ccs\tools\compiler\ti-cgt-c2000_22.6.1.LTS\lib\</path>
         <kind>archive</kind>
         <file>rts2800_fpu32.lib</file>
         <name>_lock.c.obj</name>
      </input_file>
      <input_file id="fl-48">
         <path>C:\ti\ccs1281\ccs\tools\compiler\ti-cgt-c2000_22.6.1.LTS\lib\</path>
         <kind>archive</kind>
         <file>rts2800_fpu32.lib</file>
         <name>memset.c.obj</name>
      </input_file>
      <input_file id="fl-49">
         <path>C:\ti\ccs1281\ccs\tools\compiler\ti-cgt-c2000_22.6.1.LTS\lib\</path>
         <kind>archive</kind>
         <file>rts2800_fpu32.lib</file>
         <name>errno.c.obj</name>
      </input_file>
      <input_file id="fl-4a">
         <path>C:\Users\admin\AppData\Local\Temp\</path>
         <kind>object</kind>
         <file>{52BAB147-EB66-465D-984B-54DBABA73952}</file>
         <name>{52BAB147-EB66-465D-984B-54DBABA73952}</name>
      </input_file>
      <input_file id="fl-f">
         <path>.\BSW\Source\</path>
         <kind>object</kind>
         <file>D01_DRV_CAN.obj</file>
         <name>D01_DRV_CAN.obj</name>
      </input_file>
      <input_file id="fl-10">
         <path>.\BSW\Source\</path>
         <kind>object</kind>
         <file>D02_DRV_I2C.obj</file>
         <name>D02_DRV_I2C.obj</name>
      </input_file>
      <input_file id="fl-13">
         <path>.\BSW\Source\</path>
         <kind>object</kind>
         <file>DSP2834x_CodeStartBranch.obj</file>
         <name>DSP2834x_CodeStartBranch.obj</name>
      </input_file>
      <input_file id="fl-15">
         <path>.\BSW\Source\</path>
         <kind>object</kind>
         <file>DSP2834x_usDelay.obj</file>
         <name>DSP2834x_usDelay.obj</name>
      </input_file>
      <input_file id="fl-17">
         <path>.\BSW\Source\</path>
         <kind>object</kind>
         <file>GPIO.obj</file>
         <name>GPIO.obj</name>
      </input_file>
      <input_file id="fl-19">
         <path>.\BSW\Source\</path>
         <kind>object</kind>
         <file>M1_Interrupt.obj</file>
         <name>M1_Interrupt.obj</name>
      </input_file>
      <input_file id="fl-1a">
         <path>.\BSW\Source\</path>
         <kind>object</kind>
         <file>M2_Interrupt.obj</file>
         <name>M2_Interrupt.obj</name>
      </input_file>
      <input_file id="fl-1c">
         <path>.\BSW\Source\</path>
         <kind>object</kind>
         <file>Sensor.obj</file>
         <name>Sensor.obj</name>
      </input_file>
      <input_file id="fl-1d">
         <path>.\BSW\Source\</path>
         <kind>object</kind>
         <file>SysCtrl.obj</file>
         <name>SysCtrl.obj</name>
      </input_file>
      <input_file id="fl-1e">
         <path>.\BSW\Source\</path>
         <kind>object</kind>
         <file>WatchDog.obj</file>
         <name>WatchDog.obj</name>
      </input_file>
      <input_file id="fl-1f">
         <path>.\BSW\Source\</path>
         <kind>object</kind>
         <file>Xintf.obj</file>
         <name>Xintf.obj</name>
      </input_file>
      <input_file id="fl-20">
         <path>.\BSW\Source\</path>
         <kind>object</kind>
         <file>ePWM.obj</file>
         <name>ePWM.obj</name>
      </input_file>
      <input_file id="fl-28">
         <kind>object</kind>
         <file>&lt;internal&gt;</file>
         <name>&lt;internal&gt;</name>
      </input_file>
      <input_file id="fl-39">
         <path>C:\ti\ccs1281\ccs\tools\compiler\ti-cgt-c2000_22.6.1.LTS\lib\</path>
         <kind>archive</kind>
         <file>rts2800_fpu32.lib</file>
         <name>boot28.asm.obj</name>
      </input_file>
      <input_file id="fl-3a">
         <path>C:\ti\ccs1281\ccs\tools\compiler\ti-cgt-c2000_22.6.1.LTS\lib\</path>
         <kind>archive</kind>
         <file>rts2800_fpu32.lib</file>
         <name>fd_cmp28.asm.obj</name>
      </input_file>
      <input_file id="fl-3b">
         <path>C:\ti\ccs1281\ccs\tools\compiler\ti-cgt-c2000_22.6.1.LTS\lib\</path>
         <kind>archive</kind>
         <file>rts2800_fpu32.lib</file>
         <name>fs_div28.asm.obj</name>
      </input_file>
      <input_file id="fl-3c">
         <path>C:\ti\ccs1281\ccs\tools\compiler\ti-cgt-c2000_22.6.1.LTS\lib\</path>
         <kind>archive</kind>
         <file>rts2800_fpu32.lib</file>
         <name>ll_aox28.asm.obj</name>
      </input_file>
      <input_file id="fl-3d">
         <path>C:\ti\ccs1281\ccs\tools\compiler\ti-cgt-c2000_22.6.1.LTS\lib\</path>
         <kind>archive</kind>
         <file>rts2800_fpu32.lib</file>
         <name>ll_cmp28.asm.obj</name>
      </input_file>
      <input_file id="fl-3e">
         <path>C:\ti\ccs1281\ccs\tools\compiler\ti-cgt-c2000_22.6.1.LTS\lib\</path>
         <kind>archive</kind>
         <file>rts2800_fpu32.lib</file>
         <name>fs_tollfpu32.asm.obj</name>
      </input_file>
      <input_file id="fl-3f">
         <path>C:\ti\ccs1281\ccs\tools\compiler\ti-cgt-c2000_22.6.1.LTS\lib\</path>
         <kind>archive</kind>
         <file>rts2800_fpu32.lib</file>
         <name>ll_tofsfpu32.asm.obj</name>
      </input_file>
      <input_file id="fl-40">
         <path>C:\ti\ccs1281\ccs\tools\compiler\ti-cgt-c2000_22.6.1.LTS\lib\</path>
         <kind>archive</kind>
         <file>rts2800_fpu32.lib</file>
         <name>ull_tofsfpu32.asm.obj</name>
      </input_file>
      <input_file id="fl-44">
         <path>C:\ti\ccs1281\ccs\tools\compiler\ti-cgt-c2000_22.6.1.LTS\lib\</path>
         <kind>archive</kind>
         <file>rts2800_fpu32.lib</file>
         <name>startup.c.obj</name>
      </input_file>
      <input_file id="fl-45">
         <path>C:\ti\ccs1281\ccs\tools\compiler\ti-cgt-c2000_22.6.1.LTS\lib\</path>
         <kind>archive</kind>
         <file>rts2800_fpu32.lib</file>
         <name>exit.c.obj</name>
      </input_file>
      <input_file id="fl-47">
         <path>C:\ti\ccs1281\ccs\tools\compiler\ti-cgt-c2000_22.6.1.LTS\lib\</path>
         <kind>archive</kind>
         <file>rts2800_fpu32.lib</file>
         <name>args_main.c.obj</name>
      </input_file>
   </input_file_list>
   <object_component_list>
      <object_component id="oc-ab">
         <name>codestart</name>
         <load_address>0x0</load_address>
         <run_address>0x0</run_address>
         <size>0x2</size>
         <input_file_ref idref="fl-13"/>
      </object_component>
      <object_component id="oc-b0">
         <name>ramfuncs</name>
         <load_address>0x87b2</load_address>
         <run_address>0x87b2</run_address>
         <size>0x4</size>
         <input_file_ref idref="fl-15"/>
      </object_component>
      <object_component id="oc-12e">
         <name>.text</name>
         <load_address>0xc000</load_address>
         <run_address>0xc000</run_address>
         <size>0x5d7</size>
         <input_file_ref idref="fl-8"/>
      </object_component>
      <object_component id="oc-147">
         <name>.text</name>
         <load_address>0xc5d7</load_address>
         <run_address>0xc5d7</run_address>
         <size>0x3b0</size>
         <input_file_ref idref="fl-10"/>
      </object_component>
      <object_component id="oc-12b">
         <name>.text</name>
         <load_address>0xc987</load_address>
         <run_address>0xc987</run_address>
         <size>0x23f</size>
         <input_file_ref idref="fl-5"/>
      </object_component>
      <object_component id="oc-135">
         <name>.text</name>
         <load_address>0xcbc6</load_address>
         <run_address>0xcbc6</run_address>
         <size>0x23e</size>
         <input_file_ref idref="fl-22"/>
      </object_component>
      <object_component id="oc-12d">
         <name>.text</name>
         <load_address>0xce04</load_address>
         <run_address>0xce04</run_address>
         <size>0x1d0</size>
         <input_file_ref idref="fl-7"/>
      </object_component>
      <object_component id="oc-129">
         <name>.text</name>
         <load_address>0xcfd4</load_address>
         <run_address>0xcfd4</run_address>
         <size>0x1a1</size>
         <input_file_ref idref="fl-4"/>
      </object_component>
      <object_component id="oc-131">
         <name>.text</name>
         <load_address>0xd175</load_address>
         <run_address>0xd175</run_address>
         <size>0x194</size>
         <input_file_ref idref="fl-20"/>
      </object_component>
      <object_component id="oc-143">
         <name>.text</name>
         <load_address>0xd309</load_address>
         <run_address>0xd309</run_address>
         <size>0x192</size>
         <input_file_ref idref="fl-f"/>
      </object_component>
      <object_component id="oc-145">
         <name>.text</name>
         <load_address>0xd49b</load_address>
         <run_address>0xd49b</run_address>
         <size>0x160</size>
         <input_file_ref idref="fl-1d"/>
      </object_component>
      <object_component id="oc-132">
         <name>.text</name>
         <load_address>0xd5fb</load_address>
         <run_address>0xd5fb</run_address>
         <size>0x154</size>
         <input_file_ref idref="fl-12"/>
      </object_component>
      <object_component id="oc-141">
         <name>.text</name>
         <load_address>0xd74f</load_address>
         <run_address>0xd74f</run_address>
         <size>0x139</size>
         <input_file_ref idref="fl-a"/>
      </object_component>
      <object_component id="oc-bd">
         <name>.text:retain</name>
         <load_address>0xd888</load_address>
         <run_address>0xd888</run_address>
         <size>0x10e</size>
         <input_file_ref idref="fl-19"/>
      </object_component>
      <object_component id="oc-12c">
         <name>.text</name>
         <load_address>0xd996</load_address>
         <run_address>0xd996</run_address>
         <size>0xf3</size>
         <input_file_ref idref="fl-6"/>
      </object_component>
      <object_component id="oc-12f">
         <name>.text</name>
         <load_address>0xda89</load_address>
         <run_address>0xda89</run_address>
         <size>0xdd</size>
         <input_file_ref idref="fl-9"/>
      </object_component>
      <object_component id="oc-c5">
         <name>.text:retain</name>
         <load_address>0xdb66</load_address>
         <run_address>0xdb66</run_address>
         <size>0xcc</size>
         <input_file_ref idref="fl-1a"/>
      </object_component>
      <object_component id="oc-130">
         <name>.text</name>
         <load_address>0xdc32</load_address>
         <run_address>0xdc32</run_address>
         <size>0x93</size>
         <input_file_ref idref="fl-c"/>
      </object_component>
      <object_component id="oc-128">
         <name>.text</name>
         <load_address>0xdcc5</load_address>
         <run_address>0xdcc5</run_address>
         <size>0x8e</size>
         <input_file_ref idref="fl-3"/>
      </object_component>
      <object_component id="oc-ef">
         <name>.text</name>
         <load_address>0xdd53</load_address>
         <run_address>0xdd53</run_address>
         <size>0x88</size>
         <input_file_ref idref="fl-3b"/>
      </object_component>
      <object_component id="oc-142">
         <name>.text</name>
         <load_address>0xdddb</load_address>
         <run_address>0xdddb</run_address>
         <size>0x84</size>
         <input_file_ref idref="fl-b"/>
      </object_component>
      <object_component id="oc-139">
         <name>.text</name>
         <load_address>0xde5f</load_address>
         <run_address>0xde5f</run_address>
         <size>0x72</size>
         <input_file_ref idref="fl-38"/>
      </object_component>
      <object_component id="oc-138">
         <name>.text</name>
         <load_address>0xded1</load_address>
         <run_address>0xded1</run_address>
         <size>0x68</size>
         <input_file_ref idref="fl-e"/>
      </object_component>
      <object_component id="oc-13c">
         <name>.text</name>
         <load_address>0xdf39</load_address>
         <run_address>0xdf39</run_address>
         <size>0x66</size>
         <input_file_ref idref="fl-37"/>
      </object_component>
      <object_component id="oc-146">
         <name>.text</name>
         <load_address>0xdf9f</load_address>
         <run_address>0xdf9f</run_address>
         <size>0x5c</size>
         <input_file_ref idref="fl-17"/>
      </object_component>
      <object_component id="oc-11e">
         <name>.text</name>
         <load_address>0xdffb</load_address>
         <run_address>0xdffb</run_address>
         <size>0x2</size>
         <input_file_ref idref="fl-43"/>
      </object_component>
      <object_component id="oc-149">
         <name>.text</name>
         <load_address>0xdffd</load_address>
         <run_address>0xdffd</run_address>
         <size>0x1</size>
         <input_file_ref idref="fl-46"/>
      </object_component>
      <object_component id="oc-120">
         <name>.text</name>
         <load_address>0xdffe</load_address>
         <run_address>0xdffe</run_address>
         <size>0x1</size>
         <input_file_ref idref="fl-44"/>
      </object_component>
      <object_component id="oc-13b">
         <name>.text</name>
         <load_address>0xe000</load_address>
         <run_address>0xe000</run_address>
         <size>0x63</size>
         <input_file_ref idref="fl-35"/>
      </object_component>
      <object_component id="oc-148">
         <name>.text</name>
         <load_address>0xe063</load_address>
         <run_address>0xe063</run_address>
         <size>0x62</size>
         <input_file_ref idref="fl-1f"/>
      </object_component>
      <object_component id="oc-133">
         <name>.text</name>
         <load_address>0xe0c5</load_address>
         <run_address>0xe0c5</run_address>
         <size>0x5b</size>
         <input_file_ref idref="fl-1a"/>
      </object_component>
      <object_component id="oc-13a">
         <name>.text</name>
         <load_address>0xe120</load_address>
         <run_address>0xe120</run_address>
         <size>0x59</size>
         <input_file_ref idref="fl-36"/>
      </object_component>
      <object_component id="oc-4d">
         <name>.text</name>
         <load_address>0xe179</load_address>
         <run_address>0xe179</run_address>
         <size>0x56</size>
         <input_file_ref idref="fl-39"/>
      </object_component>
      <object_component id="oc-9e">
         <name>.text:retain</name>
         <load_address>0xe1cf</load_address>
         <run_address>0xe1cf</run_address>
         <size>0x52</size>
         <input_file_ref idref="fl-f"/>
      </object_component>
      <object_component id="oc-12a">
         <name>.text</name>
         <load_address>0xe221</load_address>
         <run_address>0xe221</run_address>
         <size>0x43</size>
         <input_file_ref idref="fl-d"/>
      </object_component>
      <object_component id="oc-ea">
         <name>.text</name>
         <load_address>0xe264</load_address>
         <run_address>0xe264</run_address>
         <size>0x2a</size>
         <input_file_ref idref="fl-3a"/>
      </object_component>
      <object_component id="oc-122">
         <name>.text</name>
         <load_address>0xe28e</load_address>
         <run_address>0xe28e</run_address>
         <size>0x29</size>
         <input_file_ref idref="fl-45"/>
      </object_component>
      <object_component id="oc-13d">
         <name>.text</name>
         <load_address>0xe2b8</load_address>
         <run_address>0xe2b8</run_address>
         <size>0x27</size>
         <input_file_ref idref="fl-34"/>
      </object_component>
      <object_component id="oc-fe">
         <name>.text</name>
         <load_address>0xe2df</load_address>
         <run_address>0xe2df</run_address>
         <size>0x26</size>
         <input_file_ref idref="fl-3e"/>
      </object_component>
      <object_component id="oc-126">
         <name>.text</name>
         <load_address>0xe305</load_address>
         <run_address>0xe305</run_address>
         <size>0x25</size>
         <input_file_ref idref="fl-2"/>
      </object_component>
      <object_component id="oc-11f">
         <name>.text</name>
         <load_address>0xe32a</load_address>
         <run_address>0xe32a</run_address>
         <size>0x24</size>
         <input_file_ref idref="fl-41"/>
      </object_component>
      <object_component id="oc-127">
         <name>.text</name>
         <load_address>0xe34e</load_address>
         <run_address>0xe34e</run_address>
         <size>0x21</size>
         <input_file_ref idref="fl-18"/>
      </object_component>
      <object_component id="oc-103">
         <name>.text</name>
         <load_address>0xe36f</load_address>
         <run_address>0xe36f</run_address>
         <size>0x20</size>
         <input_file_ref idref="fl-3f"/>
      </object_component>
      <object_component id="oc-f9">
         <name>.text</name>
         <load_address>0xe38f</load_address>
         <run_address>0xe38f</run_address>
         <size>0x1e</size>
         <input_file_ref idref="fl-3d"/>
      </object_component>
      <object_component id="oc-134">
         <name>.text</name>
         <load_address>0xe3ad</load_address>
         <run_address>0xe3ad</run_address>
         <size>0x1c</size>
         <input_file_ref idref="fl-42"/>
      </object_component>
      <object_component id="oc-125">
         <name>.text</name>
         <load_address>0xe3c9</load_address>
         <run_address>0xe3c9</run_address>
         <size>0x1a</size>
         <input_file_ref idref="fl-1c"/>
      </object_component>
      <object_component id="oc-96">
         <name>.text:retain</name>
         <load_address>0xe3e3</load_address>
         <run_address>0xe3e3</run_address>
         <size>0x19</size>
         <input_file_ref idref="fl-11"/>
      </object_component>
      <object_component id="oc-f4">
         <name>.text</name>
         <load_address>0xe3fc</load_address>
         <run_address>0xe3fc</run_address>
         <size>0x18</size>
         <input_file_ref idref="fl-3c"/>
      </object_component>
      <object_component id="oc-144">
         <name>.text</name>
         <load_address>0xe414</load_address>
         <run_address>0xe414</run_address>
         <size>0x15</size>
         <input_file_ref idref="fl-1e"/>
      </object_component>
      <object_component id="oc-121">
         <name>.text</name>
         <load_address>0xe429</load_address>
         <run_address>0xe429</run_address>
         <size>0x12</size>
         <input_file_ref idref="fl-47"/>
      </object_component>
      <object_component id="oc-108">
         <name>.text</name>
         <load_address>0xe43b</load_address>
         <run_address>0xe43b</run_address>
         <size>0x11</size>
         <input_file_ref idref="fl-40"/>
      </object_component>
      <object_component id="oc-d0">
         <name>.text:retain</name>
         <load_address>0xe44c</load_address>
         <run_address>0xe44c</run_address>
         <size>0xa</size>
         <input_file_ref idref="fl-1d"/>
      </object_component>
      <object_component id="oc-aa">
         <name>.text</name>
         <load_address>0xe456</load_address>
         <run_address>0xe456</run_address>
         <size>0x8</size>
         <input_file_ref idref="fl-13"/>
      </object_component>
      <object_component id="oc-4f">
         <name>.cinit</name>
         <load_address>0x8000</load_address>
         <run_address>0x8000</run_address>
         <size>0x4d2</size>
         <input_file_ref idref="fl-4a"/>
      </object_component>
      <object_component id="oc-163">
         <name>.cinit:_P1_DP</name>
         <load_address>0x84d2</load_address>
         <run_address>0x84d2</run_address>
         <size>0x3f</size>
         <input_file_ref idref="fl-10"/>
      </object_component>
      <object_component id="oc-159">
         <name>.cinit:_P1_RV</name>
         <load_address>0x8511</load_address>
         <run_address>0x8511</run_address>
         <size>0x3f</size>
         <input_file_ref idref="fl-10"/>
      </object_component>
      <object_component id="oc-165">
         <name>.cinit:_P2_DP</name>
         <load_address>0x8550</load_address>
         <run_address>0x8550</run_address>
         <size>0x3f</size>
         <input_file_ref idref="fl-10"/>
      </object_component>
      <object_component id="oc-156">
         <name>.cinit:_P2_RV</name>
         <load_address>0x858f</load_address>
         <run_address>0x858f</run_address>
         <size>0x3f</size>
         <input_file_ref idref="fl-10"/>
      </object_component>
      <object_component id="oc-161">
         <name>.cinit:_PC_DP</name>
         <load_address>0x85ce</load_address>
         <run_address>0x85ce</run_address>
         <size>0x3f</size>
         <input_file_ref idref="fl-10"/>
      </object_component>
      <object_component id="oc-153">
         <name>.cinit:_PC_RV</name>
         <load_address>0x860d</load_address>
         <run_address>0x860d</run_address>
         <size>0x3f</size>
         <input_file_ref idref="fl-10"/>
      </object_component>
      <object_component id="oc-15f">
         <name>.cinit:_PD_DP</name>
         <load_address>0x864c</load_address>
         <run_address>0x864c</run_address>
         <size>0x3f</size>
         <input_file_ref idref="fl-10"/>
      </object_component>
      <object_component id="oc-150">
         <name>.cinit:_PD_RV</name>
         <load_address>0x868b</load_address>
         <run_address>0x868b</run_address>
         <size>0x3f</size>
         <input_file_ref idref="fl-10"/>
      </object_component>
      <object_component id="oc-a4">
         <name>.cinit</name>
         <load_address>0x86ca</load_address>
         <run_address>0x86ca</run_address>
         <size>0x38</size>
         <input_file_ref idref="fl-10"/>
      </object_component>
      <object_component id="oc-bb">
         <name>.cinit</name>
         <load_address>0x8702</load_address>
         <run_address>0x8702</run_address>
         <size>0x34</size>
         <input_file_ref idref="fl-19"/>
      </object_component>
      <object_component id="oc-c3">
         <name>.cinit</name>
         <load_address>0x8736</load_address>
         <run_address>0x8736</run_address>
         <size>0x26</size>
         <input_file_ref idref="fl-1a"/>
      </object_component>
      <object_component id="oc-14e">
         <name>.cinit:_CAN_TX_ID</name>
         <load_address>0x875c</load_address>
         <run_address>0x875c</run_address>
         <size>0x11</size>
         <input_file_ref idref="fl-f"/>
      </object_component>
      <object_component id="oc-14c">
         <name>.cinit:_CAN_RX_ID</name>
         <load_address>0x876d</load_address>
         <run_address>0x876d</run_address>
         <size>0xf</size>
         <input_file_ref idref="fl-f"/>
      </object_component>
      <object_component id="oc-9c">
         <name>.cinit</name>
         <load_address>0x877c</load_address>
         <run_address>0x877c</run_address>
         <size>0xe</size>
         <input_file_ref idref="fl-f"/>
      </object_component>
      <object_component id="oc-113">
         <name>.cinit</name>
         <load_address>0x878a</load_address>
         <run_address>0x878a</run_address>
         <size>0xe</size>
         <input_file_ref idref="fl-45"/>
      </object_component>
      <object_component id="oc-93">
         <name>.cinit:_CANMBOXES</name>
         <load_address>0x8798</load_address>
         <run_address>0x8798</run_address>
         <size>0x5</size>
         <input_file_ref idref="fl-f"/>
      </object_component>
      <object_component id="oc-85">
         <name>.cinit:_CANREGS</name>
         <load_address>0x879d</load_address>
         <run_address>0x879d</run_address>
         <size>0x5</size>
         <input_file_ref idref="fl-f"/>
      </object_component>
      <object_component id="oc-137">
         <name>.cinit:__lock</name>
         <load_address>0x87a2</load_address>
         <run_address>0x87a2</run_address>
         <size>0x5</size>
         <input_file_ref idref="fl-4a"/>
      </object_component>
      <object_component id="oc-14a">
         <name>.cinit:__unlock</name>
         <load_address>0x87a7</load_address>
         <run_address>0x87a7</run_address>
         <size>0x5</size>
         <input_file_ref idref="fl-4a"/>
      </object_component>
      <object_component id="oc-140">
         <name>.cinit:_mBSW_a11uReadInput</name>
         <load_address>0x87ac</load_address>
         <run_address>0x87ac</run_address>
         <size>0x4</size>
         <input_file_ref idref="fl-1a"/>
      </object_component>
      <object_component id="oc-e4">
         <name>.stack</name>
         <uninitialized>true</uninitialized>
         <run_address>0x400</run_address>
         <size>0x0</size>
         <input_file_ref idref="fl-39"/>
      </object_component>
      <object_component id="oc-1bd">
         <name>.stack</name>
         <uninitialized>true</uninitialized>
         <run_address>0x400</run_address>
         <size>0x0</size>
      </object_component>
      <object_component id="oc-9d">
         <name>.ebss</name>
         <uninitialized>true</uninitialized>
         <run_address>0x87b6</run_address>
         <size>0x6</size>
         <input_file_ref idref="fl-f"/>
      </object_component>
      <object_component id="oc-123">
         <name>.ebss:_CANREGS</name>
         <uninitialized>true</uninitialized>
         <run_address>0x87be</run_address>
         <size>0x2</size>
         <input_file_ref idref="fl-f"/>
      </object_component>
      <object_component id="oc-124">
         <name>.ebss:_CANMBOXES</name>
         <uninitialized>true</uninitialized>
         <run_address>0x87bc</run_address>
         <size>0x2</size>
         <input_file_ref idref="fl-f"/>
      </object_component>
      <object_component id="oc-14b">
         <name>.ebss:_CAN_RX_ID</name>
         <uninitialized>true</uninitialized>
         <run_address>0x92a6</run_address>
         <size>0xc</size>
         <input_file_ref idref="fl-f"/>
      </object_component>
      <object_component id="oc-14d">
         <name>.ebss:_CAN_TX_ID</name>
         <uninitialized>true</uninitialized>
         <run_address>0x8e30</run_address>
         <size>0xe</size>
         <input_file_ref idref="fl-f"/>
      </object_component>
      <object_component id="oc-a5">
         <name>.ebss</name>
         <uninitialized>true</uninitialized>
         <run_address>0x8b72</run_address>
         <size>0xe</size>
         <input_file_ref idref="fl-10"/>
      </object_component>
      <object_component id="oc-13e">
         <name>.ebss:_PD</name>
         <uninitialized>true</uninitialized>
         <run_address>0x91c0</run_address>
         <size>0x3c</size>
         <input_file_ref idref="fl-10"/>
      </object_component>
      <object_component id="oc-151">
         <name>.ebss:_PC</name>
         <uninitialized>true</uninitialized>
         <run_address>0x9100</run_address>
         <size>0x3c</size>
         <input_file_ref idref="fl-10"/>
      </object_component>
      <object_component id="oc-157">
         <name>.ebss:_P1</name>
         <uninitialized>true</uninitialized>
         <run_address>0x8f80</run_address>
         <size>0x3c</size>
         <input_file_ref idref="fl-10"/>
      </object_component>
      <object_component id="oc-154">
         <name>.ebss:_P2</name>
         <uninitialized>true</uninitialized>
         <run_address>0x9040</run_address>
         <size>0x3c</size>
         <input_file_ref idref="fl-10"/>
      </object_component>
      <object_component id="oc-14f">
         <name>.ebss:_PD_RV</name>
         <uninitialized>true</uninitialized>
         <run_address>0x9240</run_address>
         <size>0x3c</size>
         <input_file_ref idref="fl-10"/>
      </object_component>
      <object_component id="oc-152">
         <name>.ebss:_PC_RV</name>
         <uninitialized>true</uninitialized>
         <run_address>0x9180</run_address>
         <size>0x3c</size>
         <input_file_ref idref="fl-10"/>
      </object_component>
      <object_component id="oc-158">
         <name>.ebss:_P1_RV</name>
         <uninitialized>true</uninitialized>
         <run_address>0x9000</run_address>
         <size>0x3c</size>
         <input_file_ref idref="fl-10"/>
      </object_component>
      <object_component id="oc-155">
         <name>.ebss:_P2_RV</name>
         <uninitialized>true</uninitialized>
         <run_address>0x90c0</run_address>
         <size>0x3c</size>
         <input_file_ref idref="fl-10"/>
      </object_component>
      <object_component id="oc-15e">
         <name>.ebss:_PD_DP</name>
         <uninitialized>true</uninitialized>
         <run_address>0x9200</run_address>
         <size>0x3c</size>
         <input_file_ref idref="fl-10"/>
      </object_component>
      <object_component id="oc-160">
         <name>.ebss:_PC_DP</name>
         <uninitialized>true</uninitialized>
         <run_address>0x9140</run_address>
         <size>0x3c</size>
         <input_file_ref idref="fl-10"/>
      </object_component>
      <object_component id="oc-162">
         <name>.ebss:_P1_DP</name>
         <uninitialized>true</uninitialized>
         <run_address>0x8fc0</run_address>
         <size>0x3c</size>
         <input_file_ref idref="fl-10"/>
      </object_component>
      <object_component id="oc-164">
         <name>.ebss:_P2_DP</name>
         <uninitialized>true</uninitialized>
         <run_address>0x9080</run_address>
         <size>0x3c</size>
         <input_file_ref idref="fl-10"/>
      </object_component>
      <object_component id="oc-bc">
         <name>.ebss</name>
         <uninitialized>true</uninitialized>
         <run_address>0x8eaa</run_address>
         <size>0xd</size>
         <input_file_ref idref="fl-19"/>
      </object_component>
      <object_component id="oc-c4">
         <name>.ebss</name>
         <uninitialized>true</uninitialized>
         <run_address>0x8db4</run_address>
         <size>0xc</size>
         <input_file_ref idref="fl-1a"/>
      </object_component>
      <object_component id="oc-13f">
         <name>.ebss:_mBSW_a11uReadInput</name>
         <uninitialized>true</uninitialized>
         <run_address>0x92b2</run_address>
         <size>0xb</size>
         <input_file_ref idref="fl-1a"/>
      </object_component>
      <object_component id="oc-114">
         <name>.ebss</name>
         <uninitialized>true</uninitialized>
         <run_address>0x8eb8</run_address>
         <size>0x6</size>
         <input_file_ref idref="fl-45"/>
      </object_component>
      <object_component id="oc-50">
         <name>.ebss</name>
         <uninitialized>true</uninitialized>
         <run_address>0x8d0c</run_address>
         <size>0x34</size>
         <input_file_ref idref="fl-2"/>
      </object_component>
      <object_component id="oc-51">
         <name>.ebss</name>
         <uninitialized>true</uninitialized>
         <run_address>0x8c7a</run_address>
         <size>0x6</size>
         <input_file_ref idref="fl-18"/>
      </object_component>
      <object_component id="oc-52">
         <name>.ebss</name>
         <uninitialized>true</uninitialized>
         <run_address>0x8a28</run_address>
         <size>0x14</size>
         <input_file_ref idref="fl-d"/>
      </object_component>
      <object_component id="oc-53">
         <name>.ebss</name>
         <uninitialized>true</uninitialized>
         <run_address>0x8f40</run_address>
         <size>0x40</size>
         <input_file_ref idref="fl-c"/>
      </object_component>
      <object_component id="oc-54">
         <name>.ebss</name>
         <uninitialized>true</uninitialized>
         <run_address>0x8dc0</run_address>
         <size>0x70</size>
         <input_file_ref idref="fl-5"/>
      </object_component>
      <object_component id="oc-55">
         <name>.ebss</name>
         <uninitialized>true</uninitialized>
         <run_address>0x8b80</run_address>
         <size>0xfa</size>
         <input_file_ref idref="fl-a"/>
      </object_component>
      <object_component id="oc-56">
         <name>.ebss</name>
         <uninitialized>true</uninitialized>
         <run_address>0x8eb7</run_address>
         <size>0x1</size>
         <input_file_ref idref="fl-11"/>
      </object_component>
      <object_component id="oc-57">
         <name>.ebss</name>
         <uninitialized>true</uninitialized>
         <run_address>0x8ebe</run_address>
         <size>0x1</size>
         <input_file_ref idref="fl-49"/>
      </object_component>
      <object_component id="oc-58">
         <name>.ebss</name>
         <uninitialized>true</uninitialized>
         <run_address>0x8ec0</run_address>
         <size>0x4e</size>
         <input_file_ref idref="fl-3"/>
      </object_component>
      <object_component id="oc-59">
         <name>.ebss</name>
         <uninitialized>true</uninitialized>
         <run_address>0x87c0</run_address>
         <size>0x268</size>
         <input_file_ref idref="fl-4"/>
      </object_component>
      <object_component id="oc-5a">
         <name>.ebss</name>
         <uninitialized>true</uninitialized>
         <run_address>0x8e40</run_address>
         <size>0x6a</size>
         <input_file_ref idref="fl-7"/>
      </object_component>
      <object_component id="oc-5b">
         <name>.ebss</name>
         <uninitialized>true</uninitialized>
         <run_address>0x8a40</run_address>
         <size>0x132</size>
         <input_file_ref idref="fl-8"/>
      </object_component>
      <object_component id="oc-5c">
         <name>.ebss</name>
         <uninitialized>true</uninitialized>
         <run_address>0x8d40</run_address>
         <size>0x74</size>
         <input_file_ref idref="fl-6"/>
      </object_component>
      <object_component id="oc-5d">
         <name>.ebss</name>
         <uninitialized>true</uninitialized>
         <run_address>0x9280</run_address>
         <size>0x26</size>
         <input_file_ref idref="fl-9"/>
      </object_component>
      <object_component id="oc-5e">
         <name>.ebss</name>
         <uninitialized>true</uninitialized>
         <run_address>0x8c80</run_address>
         <size>0x8c</size>
         <input_file_ref idref="fl-b"/>
      </object_component>
      <object_component id="oc-5f">
         <name>.ebss</name>
         <uninitialized>true</uninitialized>
         <run_address>0x8e3e</run_address>
         <size>0x2</size>
         <input_file_ref idref="fl-22"/>
      </object_component>
      <object_component id="oc-136">
         <name>.ebss:__lock</name>
         <uninitialized>true</uninitialized>
         <run_address>0x8a3c</run_address>
         <size>0x2</size>
         <input_file_ref idref="fl-46"/>
      </object_component>
      <object_component id="oc-166">
         <name>.ebss:__unlock</name>
         <uninitialized>true</uninitialized>
         <run_address>0x8a3e</run_address>
         <size>0x2</size>
         <input_file_ref idref="fl-46"/>
      </object_component>
      <object_component id="oc-82">
         <name>.ebss</name>
         <uninitialized>true</uninitialized>
         <run_address>0x8f0e</run_address>
         <size>0x2c</size>
         <input_file_ref idref="fl-12"/>
      </object_component>
      <object_component id="oc-15c">
         <name>.econst:_Const_P1</name>
         <load_address>0xa000</load_address>
         <run_address>0xa000</run_address>
         <size>0x3c</size>
         <input_file_ref idref="fl-10"/>
      </object_component>
      <object_component id="oc-15d">
         <name>.econst:_Const_P2</name>
         <load_address>0xa03c</load_address>
         <run_address>0xa03c</run_address>
         <size>0x3c</size>
         <input_file_ref idref="fl-10"/>
      </object_component>
      <object_component id="oc-15b">
         <name>.econst:_Const_PC</name>
         <load_address>0xa078</load_address>
         <run_address>0xa078</run_address>
         <size>0x3c</size>
         <input_file_ref idref="fl-10"/>
      </object_component>
      <object_component id="oc-15a">
         <name>.econst:_Const_PD</name>
         <load_address>0xa0b4</load_address>
         <run_address>0xa0b4</run_address>
         <size>0x3c</size>
         <input_file_ref idref="fl-10"/>
      </object_component>
      <object_component id="oc-e5">
         <name>.reset</name>
         <load_address>0x3fffc0</load_address>
         <run_address>0x3fffc0</run_address>
         <size>0x2</size>
         <input_file_ref idref="fl-39"/>
      </object_component>
      <object_component id="oc-95">
         <name>PieVectTableFile</name>
         <uninitialized>true</uninitialized>
         <run_address>0xd00</run_address>
         <size>0x100</size>
         <input_file_ref idref="fl-14"/>
      </object_component>
      <object_component id="oc-90">
         <name>DevEmuRegsFile</name>
         <uninitialized>true</uninitialized>
         <run_address>0x880</run_address>
         <size>0xd0</size>
         <input_file_ref idref="fl-14"/>
      </object_component>
      <object_component id="oc-65">
         <name>CsmRegsFile</name>
         <uninitialized>true</uninitialized>
         <run_address>0xae0</run_address>
         <size>0x10</size>
         <input_file_ref idref="fl-14"/>
      </object_component>
      <object_component id="oc-6d">
         <name>XintfRegsFile</name>
         <uninitialized>true</uninitialized>
         <run_address>0xb20</run_address>
         <size>0x1e</size>
         <input_file_ref idref="fl-14"/>
      </object_component>
      <object_component id="oc-60">
         <name>CpuTimer0RegsFile</name>
         <uninitialized>true</uninitialized>
         <run_address>0xc00</run_address>
         <size>0x8</size>
         <input_file_ref idref="fl-14"/>
      </object_component>
      <object_component id="oc-61">
         <name>CpuTimer1RegsFile</name>
         <uninitialized>true</uninitialized>
         <run_address>0xc08</run_address>
         <size>0x8</size>
         <input_file_ref idref="fl-14"/>
      </object_component>
      <object_component id="oc-62">
         <name>CpuTimer2RegsFile</name>
         <uninitialized>true</uninitialized>
         <run_address>0xc10</run_address>
         <size>0x8</size>
         <input_file_ref idref="fl-14"/>
      </object_component>
      <object_component id="oc-6c">
         <name>PieCtrlRegsFile</name>
         <uninitialized>true</uninitialized>
         <run_address>0xce0</run_address>
         <size>0x1a</size>
         <input_file_ref idref="fl-14"/>
      </object_component>
      <object_component id="oc-91">
         <name>DmaRegsFile</name>
         <uninitialized>true</uninitialized>
         <run_address>0x1000</run_address>
         <size>0xe0</size>
         <input_file_ref idref="fl-14"/>
      </object_component>
      <object_component id="oc-80">
         <name>McbspaRegsFile</name>
         <uninitialized>true</uninitialized>
         <run_address>0x5000</run_address>
         <size>0x25</size>
         <input_file_ref idref="fl-14"/>
      </object_component>
      <object_component id="oc-81">
         <name>McbspbRegsFile</name>
         <uninitialized>true</uninitialized>
         <run_address>0x5040</run_address>
         <size>0x25</size>
         <input_file_ref idref="fl-14"/>
      </object_component>
      <object_component id="oc-84">
         <name>ECanaRegsFile</name>
         <uninitialized>true</uninitialized>
         <run_address>0x6000</run_address>
         <size>0x34</size>
         <input_file_ref idref="fl-14"/>
      </object_component>
      <object_component id="oc-87">
         <name>ECanaLAMRegsFile</name>
         <uninitialized>true</uninitialized>
         <run_address>0x6040</run_address>
         <size>0x40</size>
         <input_file_ref idref="fl-14"/>
      </object_component>
      <object_component id="oc-92">
         <name>ECanaMboxesFile</name>
         <uninitialized>true</uninitialized>
         <run_address>0x6100</run_address>
         <size>0x100</size>
         <input_file_ref idref="fl-14"/>
      </object_component>
      <object_component id="oc-88">
         <name>ECanaMOTSRegsFile</name>
         <uninitialized>true</uninitialized>
         <run_address>0x6080</run_address>
         <size>0x40</size>
         <input_file_ref idref="fl-14"/>
      </object_component>
      <object_component id="oc-89">
         <name>ECanaMOTORegsFile</name>
         <uninitialized>true</uninitialized>
         <run_address>0x60c0</run_address>
         <size>0x40</size>
         <input_file_ref idref="fl-14"/>
      </object_component>
      <object_component id="oc-86">
         <name>ECanbRegsFile</name>
         <uninitialized>true</uninitialized>
         <run_address>0x6200</run_address>
         <size>0x34</size>
         <input_file_ref idref="fl-14"/>
      </object_component>
      <object_component id="oc-8a">
         <name>ECanbLAMRegsFile</name>
         <uninitialized>true</uninitialized>
         <run_address>0x6240</run_address>
         <size>0x40</size>
         <input_file_ref idref="fl-14"/>
      </object_component>
      <object_component id="oc-94">
         <name>ECanbMboxesFile</name>
         <uninitialized>true</uninitialized>
         <run_address>0x6300</run_address>
         <size>0x100</size>
         <input_file_ref idref="fl-14"/>
      </object_component>
      <object_component id="oc-8b">
         <name>ECanbMOTSRegsFile</name>
         <uninitialized>true</uninitialized>
         <run_address>0x6280</run_address>
         <size>0x40</size>
         <input_file_ref idref="fl-14"/>
      </object_component>
      <object_component id="oc-8c">
         <name>ECanbMOTORegsFile</name>
         <uninitialized>true</uninitialized>
         <run_address>0x62c0</run_address>
         <size>0x40</size>
         <input_file_ref idref="fl-14"/>
      </object_component>
      <object_component id="oc-7e">
         <name>EPwm9RegsFile</name>
         <uninitialized>true</uninitialized>
         <run_address>0x6600</run_address>
         <size>0x22</size>
         <input_file_ref idref="fl-14"/>
      </object_component>
      <object_component id="oc-76">
         <name>EPwm1RegsFile</name>
         <uninitialized>true</uninitialized>
         <run_address>0x6800</run_address>
         <size>0x22</size>
         <input_file_ref idref="fl-14"/>
      </object_component>
      <object_component id="oc-77">
         <name>EPwm2RegsFile</name>
         <uninitialized>true</uninitialized>
         <run_address>0x6840</run_address>
         <size>0x22</size>
         <input_file_ref idref="fl-14"/>
      </object_component>
      <object_component id="oc-78">
         <name>EPwm3RegsFile</name>
         <uninitialized>true</uninitialized>
         <run_address>0x6880</run_address>
         <size>0x22</size>
         <input_file_ref idref="fl-14"/>
      </object_component>
      <object_component id="oc-79">
         <name>EPwm4RegsFile</name>
         <uninitialized>true</uninitialized>
         <run_address>0x68c0</run_address>
         <size>0x22</size>
         <input_file_ref idref="fl-14"/>
      </object_component>
      <object_component id="oc-7a">
         <name>EPwm5RegsFile</name>
         <uninitialized>true</uninitialized>
         <run_address>0x6900</run_address>
         <size>0x22</size>
         <input_file_ref idref="fl-14"/>
      </object_component>
      <object_component id="oc-7b">
         <name>EPwm6RegsFile</name>
         <uninitialized>true</uninitialized>
         <run_address>0x6940</run_address>
         <size>0x22</size>
         <input_file_ref idref="fl-14"/>
      </object_component>
      <object_component id="oc-7c">
         <name>EPwm7RegsFile</name>
         <uninitialized>true</uninitialized>
         <run_address>0x6980</run_address>
         <size>0x22</size>
         <input_file_ref idref="fl-14"/>
      </object_component>
      <object_component id="oc-7d">
         <name>EPwm8RegsFile</name>
         <uninitialized>true</uninitialized>
         <run_address>0x69c0</run_address>
         <size>0x22</size>
         <input_file_ref idref="fl-14"/>
      </object_component>
      <object_component id="oc-6f">
         <name>ECap1RegsFile</name>
         <uninitialized>true</uninitialized>
         <run_address>0x6a00</run_address>
         <size>0x20</size>
         <input_file_ref idref="fl-14"/>
      </object_component>
      <object_component id="oc-70">
         <name>ECap2RegsFile</name>
         <uninitialized>true</uninitialized>
         <run_address>0x6a20</run_address>
         <size>0x20</size>
         <input_file_ref idref="fl-14"/>
      </object_component>
      <object_component id="oc-71">
         <name>ECap3RegsFile</name>
         <uninitialized>true</uninitialized>
         <run_address>0x6a40</run_address>
         <size>0x20</size>
         <input_file_ref idref="fl-14"/>
      </object_component>
      <object_component id="oc-72">
         <name>ECap4RegsFile</name>
         <uninitialized>true</uninitialized>
         <run_address>0x6a60</run_address>
         <size>0x20</size>
         <input_file_ref idref="fl-14"/>
      </object_component>
      <object_component id="oc-73">
         <name>ECap5RegsFile</name>
         <uninitialized>true</uninitialized>
         <run_address>0x6a80</run_address>
         <size>0x20</size>
         <input_file_ref idref="fl-14"/>
      </object_component>
      <object_component id="oc-74">
         <name>ECap6RegsFile</name>
         <uninitialized>true</uninitialized>
         <run_address>0x6aa0</run_address>
         <size>0x20</size>
         <input_file_ref idref="fl-14"/>
      </object_component>
      <object_component id="oc-8d">
         <name>EQep1RegsFile</name>
         <uninitialized>true</uninitialized>
         <run_address>0x6b00</run_address>
         <size>0x40</size>
         <input_file_ref idref="fl-14"/>
      </object_component>
      <object_component id="oc-8e">
         <name>EQep2RegsFile</name>
         <uninitialized>true</uninitialized>
         <run_address>0x6b40</run_address>
         <size>0x40</size>
         <input_file_ref idref="fl-14"/>
      </object_component>
      <object_component id="oc-8f">
         <name>EQep3RegsFile</name>
         <uninitialized>true</uninitialized>
         <run_address>0x6b80</run_address>
         <size>0x40</size>
         <input_file_ref idref="fl-14"/>
      </object_component>
      <object_component id="oc-83">
         <name>GpioCtrlRegsFile</name>
         <uninitialized>true</uninitialized>
         <run_address>0x6f80</run_address>
         <size>0x2e</size>
         <input_file_ref idref="fl-14"/>
      </object_component>
      <object_component id="oc-6e">
         <name>GpioDataRegsFile</name>
         <uninitialized>true</uninitialized>
         <run_address>0x6fc0</run_address>
         <size>0x20</size>
         <input_file_ref idref="fl-14"/>
      </object_component>
      <object_component id="oc-64">
         <name>GpioIntRegsFile</name>
         <uninitialized>true</uninitialized>
         <run_address>0x6fe0</run_address>
         <size>0xa</size>
         <input_file_ref idref="fl-14"/>
      </object_component>
      <object_component id="oc-75">
         <name>SysCtrlRegsFile</name>
         <uninitialized>true</uninitialized>
         <run_address>0x7010</run_address>
         <size>0x20</size>
         <input_file_ref idref="fl-14"/>
      </object_component>
      <object_component id="oc-69">
         <name>SpiaRegsFile</name>
         <uninitialized>true</uninitialized>
         <run_address>0x7040</run_address>
         <size>0x10</size>
         <input_file_ref idref="fl-14"/>
      </object_component>
      <object_component id="oc-66">
         <name>SciaRegsFile</name>
         <uninitialized>true</uninitialized>
         <run_address>0x7050</run_address>
         <size>0x10</size>
         <input_file_ref idref="fl-14"/>
      </object_component>
      <object_component id="oc-6b">
         <name>XIntruptRegsFile</name>
         <uninitialized>true</uninitialized>
         <run_address>0x7070</run_address>
         <size>0x10</size>
         <input_file_ref idref="fl-14"/>
      </object_component>
      <object_component id="oc-67">
         <name>ScibRegsFile</name>
         <uninitialized>true</uninitialized>
         <run_address>0x7750</run_address>
         <size>0x10</size>
         <input_file_ref idref="fl-14"/>
      </object_component>
      <object_component id="oc-68">
         <name>ScicRegsFile</name>
         <uninitialized>true</uninitialized>
         <run_address>0x7770</run_address>
         <size>0x10</size>
         <input_file_ref idref="fl-14"/>
      </object_component>
      <object_component id="oc-6a">
         <name>SpidRegsFile</name>
         <uninitialized>true</uninitialized>
         <run_address>0x7780</run_address>
         <size>0x10</size>
         <input_file_ref idref="fl-14"/>
      </object_component>
      <object_component id="oc-7f">
         <name>I2caRegsFile</name>
         <uninitialized>true</uninitialized>
         <run_address>0x7900</run_address>
         <size>0x22</size>
         <input_file_ref idref="fl-14"/>
      </object_component>
      <object_component id="oc-63">
         <name>CsmPwlFile</name>
         <uninitialized>true</uninitialized>
         <run_address>0x33fff8</run_address>
         <size>0x8</size>
         <input_file_ref idref="fl-14"/>
      </object_component>
      <object_component id="oc-9b">
         <name>.debug_info</name>
         <load_address>0x0</load_address>
         <run_address>0x0</run_address>
         <size>0x506c</size>
         <input_file_ref idref="fl-f"/>
      </object_component>
      <object_component id="oc-a3">
         <name>.debug_info</name>
         <load_address>0x506c</load_address>
         <run_address>0x506c</run_address>
         <size>0x24f5</size>
         <input_file_ref idref="fl-10"/>
      </object_component>
      <object_component id="oc-ad">
         <name>.debug_info</name>
         <load_address>0x7561</load_address>
         <run_address>0x7561</run_address>
         <size>0x172</size>
         <input_file_ref idref="fl-13"/>
      </object_component>
      <object_component id="oc-b2">
         <name>.debug_info</name>
         <load_address>0x76d3</load_address>
         <run_address>0x76d3</run_address>
         <size>0x130</size>
         <input_file_ref idref="fl-15"/>
      </object_component>
      <object_component id="oc-b5">
         <name>.debug_info</name>
         <load_address>0x7803</load_address>
         <run_address>0x7803</run_address>
         <size>0x1d88</size>
         <input_file_ref idref="fl-17"/>
      </object_component>
      <object_component id="oc-ba">
         <name>.debug_info</name>
         <load_address>0x958b</load_address>
         <run_address>0x958b</run_address>
         <size>0x41cd</size>
         <input_file_ref idref="fl-19"/>
      </object_component>
      <object_component id="oc-c2">
         <name>.debug_info</name>
         <load_address>0xd758</load_address>
         <run_address>0xd758</run_address>
         <size>0x40c1</size>
         <input_file_ref idref="fl-1a"/>
      </object_component>
      <object_component id="oc-ca">
         <name>.debug_info</name>
         <load_address>0x11819</load_address>
         <run_address>0x11819</run_address>
         <size>0xf3b</size>
         <input_file_ref idref="fl-1c"/>
      </object_component>
      <object_component id="oc-cf">
         <name>.debug_info</name>
         <load_address>0x12754</load_address>
         <run_address>0x12754</run_address>
         <size>0x2ae5</size>
         <input_file_ref idref="fl-1d"/>
      </object_component>
      <object_component id="oc-d5">
         <name>.debug_info</name>
         <load_address>0x15239</load_address>
         <run_address>0x15239</run_address>
         <size>0x128d</size>
         <input_file_ref idref="fl-1e"/>
      </object_component>
      <object_component id="oc-da">
         <name>.debug_info</name>
         <load_address>0x164c6</load_address>
         <run_address>0x164c6</run_address>
         <size>0x99d</size>
         <input_file_ref idref="fl-1f"/>
      </object_component>
      <object_component id="oc-df">
         <name>.debug_info</name>
         <load_address>0x16e63</load_address>
         <run_address>0x16e63</run_address>
         <size>0x2872</size>
         <input_file_ref idref="fl-20"/>
      </object_component>
      <object_component id="oc-e6">
         <name>.debug_info</name>
         <load_address>0x196d5</load_address>
         <run_address>0x196d5</run_address>
         <size>0x173</size>
         <input_file_ref idref="fl-39"/>
      </object_component>
      <object_component id="oc-eb">
         <name>.debug_info</name>
         <load_address>0x19848</load_address>
         <run_address>0x19848</run_address>
         <size>0x120</size>
         <input_file_ref idref="fl-3a"/>
      </object_component>
      <object_component id="oc-f0">
         <name>.debug_info</name>
         <load_address>0x19968</load_address>
         <run_address>0x19968</run_address>
         <size>0x114</size>
         <input_file_ref idref="fl-3b"/>
      </object_component>
      <object_component id="oc-f5">
         <name>.debug_info</name>
         <load_address>0x19a7c</load_address>
         <run_address>0x19a7c</run_address>
         <size>0x176</size>
         <input_file_ref idref="fl-3c"/>
      </object_component>
      <object_component id="oc-fa">
         <name>.debug_info</name>
         <load_address>0x19bf2</load_address>
         <run_address>0x19bf2</run_address>
         <size>0x14e</size>
         <input_file_ref idref="fl-3d"/>
      </object_component>
      <object_component id="oc-ff">
         <name>.debug_info</name>
         <load_address>0x19d40</load_address>
         <run_address>0x19d40</run_address>
         <size>0x126</size>
         <input_file_ref idref="fl-3e"/>
      </object_component>
      <object_component id="oc-104">
         <name>.debug_info</name>
         <load_address>0x19e66</load_address>
         <run_address>0x19e66</run_address>
         <size>0x11e</size>
         <input_file_ref idref="fl-3f"/>
      </object_component>
      <object_component id="oc-109">
         <name>.debug_info</name>
         <load_address>0x19f84</load_address>
         <run_address>0x19f84</run_address>
         <size>0x121</size>
         <input_file_ref idref="fl-40"/>
      </object_component>
      <object_component id="oc-10d">
         <name>.debug_info</name>
         <load_address>0x1a0a5</load_address>
         <run_address>0x1a0a5</run_address>
         <size>0x3aa</size>
         <input_file_ref idref="fl-44"/>
      </object_component>
      <object_component id="oc-112">
         <name>.debug_info</name>
         <load_address>0x1a44f</load_address>
         <run_address>0x1a44f</run_address>
         <size>0x544</size>
         <input_file_ref idref="fl-45"/>
      </object_component>
      <object_component id="oc-119">
         <name>.debug_info</name>
         <load_address>0x1a993</load_address>
         <run_address>0x1a993</run_address>
         <size>0x467</size>
         <input_file_ref idref="fl-47"/>
      </object_component>
      <object_component id="oc-4e">
         <name>.debug_info</name>
         <load_address>0x1adfa</load_address>
         <run_address>0x1adfa</run_address>
         <size>0x1a639</size>
         <input_file_ref idref="fl-4a"/>
      </object_component>
      <object_component id="oc-1c0">
         <name>.debug_info</name>
         <load_address>0x35433</load_address>
         <run_address>0x35433</run_address>
         <size>0xd3</size>
      </object_component>
      <object_component id="oc-9f">
         <name>.debug_frame</name>
         <load_address>0x0</load_address>
         <run_address>0x0</run_address>
         <size>0xc4</size>
         <input_file_ref idref="fl-f"/>
      </object_component>
      <object_component id="oc-a6">
         <name>.debug_frame</name>
         <load_address>0xc4</load_address>
         <run_address>0xc4</run_address>
         <size>0x190</size>
         <input_file_ref idref="fl-10"/>
      </object_component>
      <object_component id="oc-b6">
         <name>.debug_frame</name>
         <load_address>0x254</load_address>
         <run_address>0x254</run_address>
         <size>0x40</size>
         <input_file_ref idref="fl-17"/>
      </object_component>
      <object_component id="oc-be">
         <name>.debug_frame</name>
         <load_address>0x294</load_address>
         <run_address>0x294</run_address>
         <size>0x130</size>
         <input_file_ref idref="fl-19"/>
      </object_component>
      <object_component id="oc-c6">
         <name>.debug_frame</name>
         <load_address>0x3c4</load_address>
         <run_address>0x3c4</run_address>
         <size>0x148</size>
         <input_file_ref idref="fl-1a"/>
      </object_component>
      <object_component id="oc-cb">
         <name>.debug_frame</name>
         <load_address>0x50c</load_address>
         <run_address>0x50c</run_address>
         <size>0x40</size>
         <input_file_ref idref="fl-1c"/>
      </object_component>
      <object_component id="oc-d1">
         <name>.debug_frame</name>
         <load_address>0x54c</load_address>
         <run_address>0x54c</run_address>
         <size>0xc8</size>
         <input_file_ref idref="fl-1d"/>
      </object_component>
      <object_component id="oc-d6">
         <name>.debug_frame</name>
         <load_address>0x614</load_address>
         <run_address>0x614</run_address>
         <size>0x58</size>
         <input_file_ref idref="fl-1e"/>
      </object_component>
      <object_component id="oc-db">
         <name>.debug_frame</name>
         <load_address>0x66c</load_address>
         <run_address>0x66c</run_address>
         <size>0x40</size>
         <input_file_ref idref="fl-1f"/>
      </object_component>
      <object_component id="oc-e0">
         <name>.debug_frame</name>
         <load_address>0x6ac</load_address>
         <run_address>0x6ac</run_address>
         <size>0x80</size>
         <input_file_ref idref="fl-20"/>
      </object_component>
      <object_component id="oc-10e">
         <name>.debug_frame</name>
         <load_address>0x72c</load_address>
         <run_address>0x72c</run_address>
         <size>0x40</size>
         <input_file_ref idref="fl-44"/>
      </object_component>
      <object_component id="oc-115">
         <name>.debug_frame</name>
         <load_address>0x76c</load_address>
         <run_address>0x76c</run_address>
         <size>0x60</size>
         <input_file_ref idref="fl-45"/>
      </object_component>
      <object_component id="oc-11a">
         <name>.debug_frame</name>
         <load_address>0x7cc</load_address>
         <run_address>0x7cc</run_address>
         <size>0x40</size>
         <input_file_ref idref="fl-47"/>
      </object_component>
      <object_component id="oc-97">
         <name>.debug_frame</name>
         <load_address>0x80c</load_address>
         <run_address>0x80c</run_address>
         <size>0x76c</size>
         <input_file_ref idref="fl-4a"/>
      </object_component>
      <object_component id="oc-a0">
         <name>.debug_line</name>
         <load_address>0x0</load_address>
         <run_address>0x0</run_address>
         <size>0x24b</size>
         <input_file_ref idref="fl-f"/>
      </object_component>
      <object_component id="oc-a7">
         <name>.debug_line</name>
         <load_address>0x24b</load_address>
         <run_address>0x24b</run_address>
         <size>0x37b</size>
         <input_file_ref idref="fl-10"/>
      </object_component>
      <object_component id="oc-ac">
         <name>.debug_line</name>
         <load_address>0x5c6</load_address>
         <run_address>0x5c6</run_address>
         <size>0x6c</size>
         <input_file_ref idref="fl-13"/>
      </object_component>
      <object_component id="oc-b1">
         <name>.debug_line</name>
         <load_address>0x632</load_address>
         <run_address>0x632</run_address>
         <size>0x53</size>
         <input_file_ref idref="fl-15"/>
      </object_component>
      <object_component id="oc-b7">
         <name>.debug_line</name>
         <load_address>0x685</load_address>
         <run_address>0x685</run_address>
         <size>0xa6</size>
         <input_file_ref idref="fl-17"/>
      </object_component>
      <object_component id="oc-bf">
         <name>.debug_line</name>
         <load_address>0x72b</load_address>
         <run_address>0x72b</run_address>
         <size>0xe3</size>
         <input_file_ref idref="fl-19"/>
      </object_component>
      <object_component id="oc-c7">
         <name>.debug_line</name>
         <load_address>0x80e</load_address>
         <run_address>0x80e</run_address>
         <size>0x14e</size>
         <input_file_ref idref="fl-1a"/>
      </object_component>
      <object_component id="oc-cc">
         <name>.debug_line</name>
         <load_address>0x95c</load_address>
         <run_address>0x95c</run_address>
         <size>0x4d</size>
         <input_file_ref idref="fl-1c"/>
      </object_component>
      <object_component id="oc-d2">
         <name>.debug_line</name>
         <load_address>0x9a9</load_address>
         <run_address>0x9a9</run_address>
         <size>0x1cf</size>
         <input_file_ref idref="fl-1d"/>
      </object_component>
      <object_component id="oc-d7">
         <name>.debug_line</name>
         <load_address>0xb78</load_address>
         <run_address>0xb78</run_address>
         <size>0x64</size>
         <input_file_ref idref="fl-1e"/>
      </object_component>
      <object_component id="oc-dc">
         <name>.debug_line</name>
         <load_address>0xbdc</load_address>
         <run_address>0xbdc</run_address>
         <size>0x89</size>
         <input_file_ref idref="fl-1f"/>
      </object_component>
      <object_component id="oc-e1">
         <name>.debug_line</name>
         <load_address>0xc65</load_address>
         <run_address>0xc65</run_address>
         <size>0x142</size>
         <input_file_ref idref="fl-20"/>
      </object_component>
      <object_component id="oc-e7">
         <name>.debug_line</name>
         <load_address>0xda7</load_address>
         <run_address>0xda7</run_address>
         <size>0x7e</size>
         <input_file_ref idref="fl-39"/>
      </object_component>
      <object_component id="oc-ec">
         <name>.debug_line</name>
         <load_address>0xe25</load_address>
         <run_address>0xe25</run_address>
         <size>0x60</size>
         <input_file_ref idref="fl-3a"/>
      </object_component>
      <object_component id="oc-f1">
         <name>.debug_line</name>
         <load_address>0xe85</load_address>
         <run_address>0xe85</run_address>
         <size>0xad</size>
         <input_file_ref idref="fl-3b"/>
      </object_component>
      <object_component id="oc-f6">
         <name>.debug_line</name>
         <load_address>0xf32</load_address>
         <run_address>0xf32</run_address>
         <size>0x6c</size>
         <input_file_ref idref="fl-3c"/>
      </object_component>
      <object_component id="oc-fb">
         <name>.debug_line</name>
         <load_address>0xf9e</load_address>
         <run_address>0xf9e</run_address>
         <size>0x63</size>
         <input_file_ref idref="fl-3d"/>
      </object_component>
      <object_component id="oc-100">
         <name>.debug_line</name>
         <load_address>0x1001</load_address>
         <run_address>0x1001</run_address>
         <size>0x62</size>
         <input_file_ref idref="fl-3e"/>
      </object_component>
      <object_component id="oc-105">
         <name>.debug_line</name>
         <load_address>0x1063</load_address>
         <run_address>0x1063</run_address>
         <size>0x56</size>
         <input_file_ref idref="fl-3f"/>
      </object_component>
      <object_component id="oc-10a">
         <name>.debug_line</name>
         <load_address>0x10b9</load_address>
         <run_address>0x10b9</run_address>
         <size>0x4d</size>
         <input_file_ref idref="fl-40"/>
      </object_component>
      <object_component id="oc-10f">
         <name>.debug_line</name>
         <load_address>0x1106</load_address>
         <run_address>0x1106</run_address>
         <size>0x3a</size>
         <input_file_ref idref="fl-44"/>
      </object_component>
      <object_component id="oc-116">
         <name>.debug_line</name>
         <load_address>0x1140</load_address>
         <run_address>0x1140</run_address>
         <size>0x65</size>
         <input_file_ref idref="fl-45"/>
      </object_component>
      <object_component id="oc-11b">
         <name>.debug_line</name>
         <load_address>0x11a5</load_address>
         <run_address>0x11a5</run_address>
         <size>0x4f</size>
         <input_file_ref idref="fl-47"/>
      </object_component>
      <object_component id="oc-98">
         <name>.debug_line</name>
         <load_address>0x11f4</load_address>
         <run_address>0x11f4</run_address>
         <size>0x1cbe</size>
         <input_file_ref idref="fl-4a"/>
      </object_component>
      <object_component id="oc-a1">
         <name>.debug_abbrev</name>
         <load_address>0x0</load_address>
         <run_address>0x0</run_address>
         <size>0x174</size>
         <input_file_ref idref="fl-f"/>
      </object_component>
      <object_component id="oc-a8">
         <name>.debug_abbrev</name>
         <load_address>0x174</load_address>
         <run_address>0x174</run_address>
         <size>0x190</size>
         <input_file_ref idref="fl-10"/>
      </object_component>
      <object_component id="oc-ae">
         <name>.debug_abbrev</name>
         <load_address>0x304</load_address>
         <run_address>0x304</run_address>
         <size>0x21</size>
         <input_file_ref idref="fl-13"/>
      </object_component>
      <object_component id="oc-b3">
         <name>.debug_abbrev</name>
         <load_address>0x325</load_address>
         <run_address>0x325</run_address>
         <size>0x2f</size>
         <input_file_ref idref="fl-15"/>
      </object_component>
      <object_component id="oc-b8">
         <name>.debug_abbrev</name>
         <load_address>0x354</load_address>
         <run_address>0x354</run_address>
         <size>0xdc</size>
         <input_file_ref idref="fl-17"/>
      </object_component>
      <object_component id="oc-c0">
         <name>.debug_abbrev</name>
         <load_address>0x430</load_address>
         <run_address>0x430</run_address>
         <size>0x13d</size>
         <input_file_ref idref="fl-19"/>
      </object_component>
      <object_component id="oc-c8">
         <name>.debug_abbrev</name>
         <load_address>0x56d</load_address>
         <run_address>0x56d</run_address>
         <size>0x14f</size>
         <input_file_ref idref="fl-1a"/>
      </object_component>
      <object_component id="oc-cd">
         <name>.debug_abbrev</name>
         <load_address>0x6bc</load_address>
         <run_address>0x6bc</run_address>
         <size>0xdc</size>
         <input_file_ref idref="fl-1c"/>
      </object_component>
      <object_component id="oc-d3">
         <name>.debug_abbrev</name>
         <load_address>0x798</load_address>
         <run_address>0x798</run_address>
         <size>0x1a0</size>
         <input_file_ref idref="fl-1d"/>
      </object_component>
      <object_component id="oc-d8">
         <name>.debug_abbrev</name>
         <load_address>0x938</load_address>
         <run_address>0x938</run_address>
         <size>0xdc</size>
         <input_file_ref idref="fl-1e"/>
      </object_component>
      <object_component id="oc-dd">
         <name>.debug_abbrev</name>
         <load_address>0xa14</load_address>
         <run_address>0xa14</run_address>
         <size>0xdc</size>
         <input_file_ref idref="fl-1f"/>
      </object_component>
      <object_component id="oc-e2">
         <name>.debug_abbrev</name>
         <load_address>0xaf0</load_address>
         <run_address>0xaf0</run_address>
         <size>0x126</size>
         <input_file_ref idref="fl-20"/>
      </object_component>
      <object_component id="oc-e8">
         <name>.debug_abbrev</name>
         <load_address>0xc16</load_address>
         <run_address>0xc16</run_address>
         <size>0x46</size>
         <input_file_ref idref="fl-39"/>
      </object_component>
      <object_component id="oc-ed">
         <name>.debug_abbrev</name>
         <load_address>0xc5c</load_address>
         <run_address>0xc5c</run_address>
         <size>0x38</size>
         <input_file_ref idref="fl-3a"/>
      </object_component>
      <object_component id="oc-f2">
         <name>.debug_abbrev</name>
         <load_address>0xc94</load_address>
         <run_address>0xc94</run_address>
         <size>0x38</size>
         <input_file_ref idref="fl-3b"/>
      </object_component>
      <object_component id="oc-f7">
         <name>.debug_abbrev</name>
         <load_address>0xccc</load_address>
         <run_address>0xccc</run_address>
         <size>0x38</size>
         <input_file_ref idref="fl-3c"/>
      </object_component>
      <object_component id="oc-fc">
         <name>.debug_abbrev</name>
         <load_address>0xd04</load_address>
         <run_address>0xd04</run_address>
         <size>0x38</size>
         <input_file_ref idref="fl-3d"/>
      </object_component>
      <object_component id="oc-101">
         <name>.debug_abbrev</name>
         <load_address>0xd3c</load_address>
         <run_address>0xd3c</run_address>
         <size>0x38</size>
         <input_file_ref idref="fl-3e"/>
      </object_component>
      <object_component id="oc-106">
         <name>.debug_abbrev</name>
         <load_address>0xd74</load_address>
         <run_address>0xd74</run_address>
         <size>0x38</size>
         <input_file_ref idref="fl-3f"/>
      </object_component>
      <object_component id="oc-10b">
         <name>.debug_abbrev</name>
         <load_address>0xdac</load_address>
         <run_address>0xdac</run_address>
         <size>0x38</size>
         <input_file_ref idref="fl-40"/>
      </object_component>
      <object_component id="oc-110">
         <name>.debug_abbrev</name>
         <load_address>0xde4</load_address>
         <run_address>0xde4</run_address>
         <size>0x66</size>
         <input_file_ref idref="fl-44"/>
      </object_component>
      <object_component id="oc-117">
         <name>.debug_abbrev</name>
         <load_address>0xe4a</load_address>
         <run_address>0xe4a</run_address>
         <size>0x130</size>
         <input_file_ref idref="fl-45"/>
      </object_component>
      <object_component id="oc-11c">
         <name>.debug_abbrev</name>
         <load_address>0xf7a</load_address>
         <run_address>0xf7a</run_address>
         <size>0xee</size>
         <input_file_ref idref="fl-47"/>
      </object_component>
      <object_component id="oc-99">
         <name>.debug_abbrev</name>
         <load_address>0x1068</load_address>
         <run_address>0x1068</run_address>
         <size>0x29d</size>
         <input_file_ref idref="fl-4a"/>
      </object_component>
      <object_component id="oc-1c1">
         <name>.debug_abbrev</name>
         <load_address>0x1305</load_address>
         <run_address>0x1305</run_address>
         <size>0xf</size>
      </object_component>
      <object_component id="oc-a2">
         <name>.debug_aranges</name>
         <load_address>0x0</load_address>
         <run_address>0x0</run_address>
         <size>0x38</size>
         <input_file_ref idref="fl-f"/>
      </object_component>
      <object_component id="oc-a9">
         <name>.debug_aranges</name>
         <load_address>0x38</load_address>
         <run_address>0x38</run_address>
         <size>0x78</size>
         <input_file_ref idref="fl-10"/>
      </object_component>
      <object_component id="oc-af">
         <name>.debug_aranges</name>
         <load_address>0xb0</load_address>
         <run_address>0xb0</run_address>
         <size>0x28</size>
         <input_file_ref idref="fl-13"/>
      </object_component>
      <object_component id="oc-b4">
         <name>.debug_aranges</name>
         <load_address>0xd8</load_address>
         <run_address>0xd8</run_address>
         <size>0x20</size>
         <input_file_ref idref="fl-15"/>
      </object_component>
      <object_component id="oc-b9">
         <name>.debug_aranges</name>
         <load_address>0xf8</load_address>
         <run_address>0xf8</run_address>
         <size>0x20</size>
         <input_file_ref idref="fl-17"/>
      </object_component>
      <object_component id="oc-c1">
         <name>.debug_aranges</name>
         <load_address>0x118</load_address>
         <run_address>0x118</run_address>
         <size>0x28</size>
         <input_file_ref idref="fl-19"/>
      </object_component>
      <object_component id="oc-c9">
         <name>.debug_aranges</name>
         <load_address>0x140</load_address>
         <run_address>0x140</run_address>
         <size>0x30</size>
         <input_file_ref idref="fl-1a"/>
      </object_component>
[...]
         <name>_mSMDE_sSpdLimit</name>
         <value>0x8f46</value>
         <object_component_ref idref="oc-53"/>
      </symbol>
      <symbol id="sm-3e6">
         <name>_ECanaMOTORegs</name>
         <value>0x60c0</value>
         <object_component_ref idref="oc-89"/>
      </symbol>
      <symbol id="sm-3e7">
         <name>_mSched_uFlagSpdCtrl</name>
         <value>0x8d0c</value>
         <object_component_ref idref="oc-50"/>
      </symbol>
      <symbol id="sm-3e8">
         <name>_EPwm3Regs</name>
         <value>0x6880</value>
         <object_component_ref idref="oc-78"/>
      </symbol>
      <symbol id="sm-3e9">
         <name>_GvD01DW</name>
         <value>0x8e1e</value>
         <object_component_ref idref="oc-54"/>
      </symbol>
      <symbol id="sm-3ea">
         <name>_mSMDE_uOprState</name>
         <value>0x8f42</value>
         <object_component_ref idref="oc-53"/>
      </symbol>
      <symbol id="sm-3eb">
         <name>_ECanbLAMRegs</name>
         <value>0x6240</value>
         <object_component_ref idref="oc-8a"/>
      </symbol>
      <symbol id="sm-3ec">
         <name>_ADR_i32IvtTempSens</name>
         <value>0x8c7d</value>
         <object_component_ref idref="oc-51"/>
      </symbol>
      <symbol id="sm-3ed">
         <name>_memcpy</name>
         <value>0xe3ad</value>
         <object_component_ref idref="oc-134"/>
      </symbol>
      <symbol id="sm-3ef">
         <name>_fmin</name>
         <value>0xde5f</value>
         <object_component_ref idref="oc-139"/>
      </symbol>
      <symbol id="sm-3f1">
         <name>_mGPwm_sThetaCtrl</name>
         <value>0x9288</value>
         <object_component_ref idref="oc-5d"/>
      </symbol>
      <symbol id="sm-3f2">
         <name>_I2caRegs</name>
         <value>0x7900</value>
         <object_component_ref idref="oc-7f"/>
      </symbol>
      <symbol id="sm-3f3">
         <name>_mCTRL_sVqeRefLow</name>
         <value>0x8a54</value>
         <object_component_ref idref="oc-5b"/>
      </symbol>
      <symbol id="sm-424">
         <name>_Init_eCAN</name>
         <value>0xd309</value>
         <object_component_ref idref="oc-143"/>
      </symbol>
      <symbol id="sm-426">
         <name>_mCRX1_u32CrrDataHigh</name>
         <value>0x87ba</value>
         <object_component_ref idref="oc-9d"/>
      </symbol>
      <symbol id="sm-427">
         <name>_CANREGS</name>
         <value>0x87be</value>
         <object_component_ref idref="oc-123"/>
      </symbol>
      <symbol id="sm-428">
         <name>_CAN_RX_ID</name>
         <value>0x92a6</value>
         <object_component_ref idref="oc-14b"/>
      </symbol>
      <symbol id="sm-429">
         <name>_mCRX1_uRxChSel</name>
         <value>0x87b6</value>
         <object_component_ref idref="oc-9d"/>
      </symbol>
      <symbol id="sm-42a">
         <name>_ISR_CAN_HostRx</name>
         <value>0xe1ff</value>
         <object_component_ref idref="oc-9e"/>
      </symbol>
      <symbol id="sm-42c">
         <name>_CAN_HostTx</name>
         <value>0xd465</value>
         <object_component_ref idref="oc-143"/>
      </symbol>
      <symbol id="sm-42e">
         <name>_ISR_CAN_HostRx_Monitor</name>
         <value>0xe1cf</value>
         <object_component_ref idref="oc-9e"/>
      </symbol>
      <symbol id="sm-430">
         <name>_CANMBOXES</name>
         <value>0x87bc</value>
         <object_component_ref idref="oc-124"/>
      </symbol>
      <symbol id="sm-431">
         <name>_CAN_TX_ID</name>
         <value>0x8e30</value>
         <object_component_ref idref="oc-14d"/>
      </symbol>
      <symbol id="sm-432">
         <name>_mCRX1_u32CrrDataLow</name>
         <value>0x87b8</value>
         <object_component_ref idref="oc-9d"/>
      </symbol>
      <symbol id="sm-49a">
         <name>_error_code</name>
         <value>0x8b76</value>
         <object_component_ref idref="oc-a5"/>
      </symbol>
      <symbol id="sm-49b">
         <name>_PC_RV</name>
         <value>0x9180</value>
         <object_component_ref idref="oc-152"/>
      </symbol>
      <symbol id="sm-49c">
         <name>_P2_RV</name>
         <value>0x90c0</value>
         <object_component_ref idref="oc-155"/>
      </symbol>
      <symbol id="sm-49d">
         <name>_Flag_EEPROM_Busy</name>
         <value>0x8b78</value>
         <object_component_ref idref="oc-a5"/>
      </symbol>
      <symbol id="sm-49e">
         <name>_Flag_Init</name>
         <value>0x8b7f</value>
         <object_component_ref idref="oc-a5"/>
      </symbol>
      <symbol id="sm-49f">
         <name>_Eeprom_Delay</name>
         <value>0xc5d7</value>
         <object_component_ref idref="oc-147"/>
      </symbol>
      <symbol id="sm-4a1">
         <name>_PD</name>
         <value>0x91c0</value>
         <object_component_ref idref="oc-13e"/>
      </symbol>
      <symbol id="sm-4a2">
         <name>_PC</name>
         <value>0x9100</value>
         <object_component_ref idref="oc-151"/>
      </symbol>
      <symbol id="sm-4a3">
         <name>_P2</name>
         <value>0x9040</value>
         <object_component_ref idref="oc-154"/>
      </symbol>
      <symbol id="sm-4a4">
         <name>_P1</name>
         <value>0x8f80</value>
         <object_component_ref idref="oc-157"/>
      </symbol>
      <symbol id="sm-4a5">
         <name>_eep_inter_addr</name>
         <value>0x8b7d</value>
         <object_component_ref idref="oc-a5"/>
      </symbol>
      <symbol id="sm-4a6">
         <name>_P1_RV</name>
         <value>0x9000</value>
         <object_component_ref idref="oc-158"/>
      </symbol>
      <symbol id="sm-4a7">
         <name>_mI2c_uFlagResetEnc</name>
         <value>0x8b74</value>
         <object_component_ref idref="oc-a5"/>
      </symbol>
      <symbol id="sm-4a8">
         <name>_uFlagSaveEncOriginZ</name>
         <value>0x8b73</value>
         <object_component_ref idref="oc-a5"/>
      </symbol>
      <symbol id="sm-4a9">
         <name>_uFlagResetEncZ</name>
         <value>0x8b75</value>
         <object_component_ref idref="oc-a5"/>
      </symbol>
      <symbol id="sm-4aa">
         <name>_Bftn_SaveOriginData</name>
         <value>0xc8ea</value>
         <object_component_ref idref="oc-147"/>
      </symbol>
      <symbol id="sm-4ac">
         <name>_PD_DP</name>
         <value>0x9200</value>
         <object_component_ref idref="oc-15e"/>
      </symbol>
      <symbol id="sm-4ad">
         <name>_Const_P1</name>
         <value>0xa000</value>
         <object_component_ref idref="oc-15c"/>
      </symbol>
      <symbol id="sm-4ae">
         <name>_Const_P2</name>
         <value>0xa03c</value>
         <object_component_ref idref="oc-15d"/>
      </symbol>
      <symbol id="sm-4af">
         <name>_Const_PC</name>
         <value>0xa078</value>
         <object_component_ref idref="oc-15b"/>
      </symbol>
      <symbol id="sm-4b0">
         <name>_Const_PD</name>
         <value>0xa0b4</value>
         <object_component_ref idref="oc-15a"/>
      </symbol>
      <symbol id="sm-4b1">
         <name>_Eep_Init</name>
         <value>0xc7fb</value>
         <object_component_ref idref="oc-147"/>
      </symbol>
      <symbol id="sm-4b3">
         <name>_main_temp0</name>
         <value>0x8b77</value>
         <object_component_ref idref="oc-a5"/>
      </symbol>
      <symbol id="sm-4b4">
         <name>_Init_I2C</name>
         <value>0xc73f</value>
         <object_component_ref idref="oc-147"/>
      </symbol>
      <symbol id="sm-4b6">
         <name>_eep_addr</name>
         <value>0x8b7c</value>
         <object_component_ref idref="oc-a5"/>
      </symbol>
      <symbol id="sm-4b7">
         <name>_PC_DP</name>
         <value>0x9140</value>
         <object_component_ref idref="oc-160"/>
      </symbol>
      <symbol id="sm-4b8">
         <name>_eep_cnt</name>
         <value>0x8b7b</value>
         <object_component_ref idref="oc-a5"/>
      </symbol>
      <symbol id="sm-4b9">
         <name>_P2_DP</name>
         <value>0x9080</value>
         <object_component_ref idref="oc-164"/>
      </symbol>
      <symbol id="sm-4ba">
         <name>_eep_data</name>
         <value>0x8b7e</value>
         <object_component_ref idref="oc-a5"/>
      </symbol>
      <symbol id="sm-4bb">
         <name>_P2_Save</name>
         <value>0xc6af</value>
         <object_component_ref idref="oc-147"/>
      </symbol>
      <symbol id="sm-4bd">
         <name>_P1_Save</name>
         <value>0xc6f7</value>
         <object_component_ref idref="oc-147"/>
      </symbol>
      <symbol id="sm-4bf">
         <name>_Bftn_ResetEncMultiTurn</name>
         <value>0xc961</value>
         <object_component_ref idref="oc-147"/>
      </symbol>
      <symbol id="sm-4c1">
         <name>_P1_DP</name>
         <value>0x8fc0</value>
         <object_component_ref idref="oc-162"/>
      </symbol>
      <symbol id="sm-4c2">
         <name>_mI2c_uFlagSaveEncOrigin</name>
         <value>0x8b72</value>
         <object_component_ref idref="oc-a5"/>
      </symbol>
      <symbol id="sm-4c3">
         <name>_PD_RV</name>
         <value>0x9240</value>
         <object_component_ref idref="oc-14f"/>
      </symbol>
      <symbol id="sm-4c4">
         <name>_PC_Save</name>
         <value>0xc667</value>
         <object_component_ref idref="oc-147"/>
      </symbol>
      <symbol id="sm-4c6">
         <name>_PD_Save</name>
         <value>0xc61f</value>
         <object_component_ref idref="oc-147"/>
      </symbol>
      <symbol id="sm-4c8">
         <name>_Eep_Load</name>
         <value>0xc74e</value>
         <object_component_ref idref="oc-147"/>
      </symbol>
      <symbol id="sm-4ca">
         <name>_Eep_Save</name>
         <value>0xc5e7</value>
         <object_component_ref idref="oc-147"/>
      </symbol>
      <symbol id="sm-4cc">
         <name>_EEP_Load0</name>
         <value>0x8b79</value>
         <object_component_ref idref="oc-a5"/>
      </symbol>
      <symbol id="sm-4cd">
         <name>_EEP_Load1</name>
         <value>0x8b7a</value>
         <object_component_ref idref="oc-a5"/>
      </symbol>
      <symbol id="sm-4dd">
         <name>code_start</name>
         <value>0x0</value>
         <object_component_ref idref="oc-ab"/>
      </symbol>
      <symbol id="sm-4e9">
         <name>_DSP28x_usDelay</name>
         <value>0x87b2</value>
         <object_component_ref idref="oc-b0"/>
      </symbol>
      <symbol id="sm-4f5">
         <name>_Init_GPIO</name>
         <value>0xdf9f</value>
         <object_component_ref idref="oc-146"/>
      </symbol>
      <symbol id="sm-50a">
         <name>_mEnc_uSF</name>
         <value>0x8eac</value>
         <object_component_ref idref="oc-bc"/>
      </symbol>
      <symbol id="sm-50b">
         <name>_mEnc_uCRC</name>
         <value>0x8eaf</value>
         <object_component_ref idref="oc-bc"/>
      </symbol>
      <symbol id="sm-50c">
         <name>_mEnc_uEND</name>
         <value>0x8ead</value>
         <object_component_ref idref="oc-bc"/>
      </symbol>
      <symbol id="sm-50d">
         <name>_mEnc_uALMC</name>
         <value>0x8eae</value>
         <object_component_ref idref="oc-bc"/>
      </symbol>
      <symbol id="sm-50e">
         <name>_mEnc_uCF</name>
         <value>0x8eab</value>
         <object_component_ref idref="oc-bc"/>
      </symbol>
      <symbol id="sm-50f">
         <name>_M1_Interrupt</name>
         <value>0xd8de</value>
         <object_component_ref idref="oc-bd"/>
      </symbol>
      <symbol id="sm-511">
         <name>_mCRX_uAlarmRstZ</name>
         <value>0x8eb6</value>
         <object_component_ref idref="oc-bc"/>
      </symbol>
      <symbol id="sm-512">
         <name>_mEnc_uABS2</name>
         <value>0x8eb2</value>
         <object_component_ref idref="oc-bc"/>
      </symbol>
      <symbol id="sm-513">
         <name>_mEnc_uABS0</name>
         <value>0x8eb0</value>
         <object_component_ref idref="oc-bc"/>
      </symbol>
      <symbol id="sm-514">
         <name>_mEnc_uABS1</name>
         <value>0x8eb1</value>
         <object_component_ref idref="oc-bc"/>
      </symbol>
      <symbol id="sm-515">
         <name>_M1_Offset</name>
         <value>0xd888</value>
         <object_component_ref idref="oc-bd"/>
      </symbol>
      <symbol id="sm-517">
         <name>_mEnc_uABM2</name>
         <value>0x8eb5</value>
         <object_component_ref idref="oc-bc"/>
      </symbol>
      <symbol id="sm-518">
         <name>_mEnc_uABM0</name>
         <value>0x8eb3</value>
         <object_component_ref idref="oc-bc"/>
      </symbol>
      <symbol id="sm-519">
         <name>_mEnc_uABM1</name>
         <value>0x8eb4</value>
         <object_component_ref idref="oc-bc"/>
      </symbol>
      <symbol id="sm-51a">
         <name>_mBSW_uInitNvRam</name>
         <value>0x8eaa</value>
         <object_component_ref idref="oc-bc"/>
      </symbol>
      <symbol id="sm-53f">
         <name>_uEXOUTPUT</name>
         <value>0x8dba</value>
         <object_component_ref idref="oc-c4"/>
      </symbol>
      <symbol id="sm-540">
         <name>_uEXINPUT_Z</name>
         <value>0x8db9</value>
         <object_component_ref idref="oc-c4"/>
      </symbol>
      <symbol id="sm-541">
         <name>_uFlagDigInDebZ</name>
         <value>0x8db4</value>
         <object_component_ref idref="oc-c4"/>
      </symbol>
      <symbol id="sm-542">
         <name>_i32CntDigtInDeb</name>
         <value>0x8dbc</value>
         <object_component_ref idref="oc-c4"/>
      </symbol>
      <symbol id="sm-543">
         <name>_M2_Offset</name>
         <value>0xdb66</value>
         <object_component_ref idref="oc-c5"/>
      </symbol>
      <symbol id="sm-545">
         <name>_mBSW_uEstpSwitchDtc</name>
         <value>0x8db6</value>
         <object_component_ref idref="oc-c4"/>
      </symbol>
      <symbol id="sm-546">
         <name>_M2_Interrupt</name>
         <value>0xdbb2</value>
         <object_component_ref idref="oc-c5"/>
      </symbol>
      <symbol id="sm-548">
         <name>_mBSW_a11uReadInput</name>
         <value>0x92b2</value>
         <object_component_ref idref="oc-13f"/>
      </symbol>
      <symbol id="sm-549">
         <name>_i32DigtInDebCntSet</name>
         <value>0x8dbe</value>
         <object_component_ref idref="oc-c4"/>
      </symbol>
      <symbol id="sm-54a">
         <name>_mBSW_uExinputAll</name>
         <value>0x8db7</value>
         <object_component_ref idref="oc-c4"/>
      </symbol>
      <symbol id="sm-54b">
         <name>_uEXINPUT</name>
         <value>0x8db8</value>
         <object_component_ref idref="oc-c4"/>
      </symbol>
      <symbol id="sm-54c">
         <name>_uFlagDigInDeb</name>
         <value>0x8db5</value>
         <object_component_ref idref="oc-c4"/>
      </symbol>
      <symbol id="sm-558">
         <name>_ADC_CONVST</name>
         <value>0xe3c9</value>
         <object_component_ref idref="oc-125"/>
      </symbol>
      <symbol id="sm-56a">
         <name>_ISR_Default</name>
         <value>0xe44c</value>
         <object_component_ref idref="oc-d0"/>
      </symbol>
      <symbol id="sm-56c">
         <name>_Init_PieCtrl</name>
         <value>0xd556</value>
         <object_component_ref idref="oc-145"/>
      </symbol>
      <symbol id="sm-56e">
         <name>_Init_PieVectTable</name>
         <value>0xd4b8</value>
         <object_component_ref idref="oc-145"/>
      </symbol>
      <symbol id="sm-570">
         <name>_Init_PLL</name>
         <value>0xd5d2</value>
         <object_component_ref idref="oc-145"/>
      </symbol>
      <symbol id="sm-572">
         <name>_Start_PieCtrl</name>
         <value>0xd49b</value>
         <object_component_ref idref="oc-145"/>
      </symbol>
      <symbol id="sm-574">
         <name>_Init_PeripheralClocks</name>
         <value>0xd579</value>
         <object_component_ref idref="oc-145"/>
      </symbol>
      <symbol id="sm-581">
         <name>_DisableDog</name>
         <value>0xe421</value>
         <object_component_ref idref="oc-144"/>
      </symbol>
      <symbol id="sm-583">
         <name>_ResetDog</name>
         <value>0xe414</value>
         <object_component_ref idref="oc-144"/>
      </symbol>
      <symbol id="sm-590">
         <name>_Init_Xintf</name>
         <value>0xe063</value>
         <object_component_ref idref="oc-148"/>
      </symbol>
      <symbol id="sm-5a3">
         <name>_PWM_SetDuty</name>
         <value>0xd17d</value>
         <object_component_ref idref="oc-131"/>
      </symbol>
      <symbol id="sm-5a5">
         <name>_Init_PWM</name>
         <value>0xd1cc</value>
         <object_component_ref idref="oc-131"/>
      </symbol>
      <symbol id="sm-5a7">
         <name>_Start_PWM</name>
         <value>0xd175</value>
         <object_component_ref idref="oc-131"/>
      </symbol>
      <symbol id="sm-5c3">
         <name>_c_int00</name>
         <value>0xe179</value>
         <object_component_ref idref="oc-4d"/>
      </symbol>
      <symbol id="sm-5c4">
         <name>__stack</name>
         <value>0x400</value>
         <object_component_ref idref="oc-e4"/>
      </symbol>
      <symbol id="sm-5d4">
         <name>FD$$CMP</name>
         <value>0xe264</value>
         <object_component_ref idref="oc-ea"/>
      </symbol>
      <symbol id="sm-5e5">
         <name>FS$$DIV</name>
         <value>0xdd53</value>
         <object_component_ref idref="oc-ef"/>
      </symbol>
      <symbol id="sm-5f1">
         <name>LL$$AND</name>
         <value>0xe3fc</value>
         <object_component_ref idref="oc-f4"/>
      </symbol>
      <symbol id="sm-5f2">
         <name>LL$$OR</name>
         <value>0xe404</value>
         <object_component_ref idref="oc-f4"/>
      </symbol>
      <symbol id="sm-5f3">
         <name>LL$$XOR</name>
         <value>0xe40c</value>
         <object_component_ref idref="oc-f4"/>
      </symbol>
      <symbol id="sm-601">
         <name>ULL$$CMP</name>
         <value>0xe3a1</value>
         <object_component_ref idref="oc-f9"/>
      </symbol>
      <symbol id="sm-602">
         <name>LL$$CMP</name>
         <value>0xe38f</value>
         <object_component_ref idref="oc-f9"/>
      </symbol>
      <symbol id="sm-614">
         <name>FS$$TOLL</name>
         <value>0xe2df</value>
         <object_component_ref idref="oc-fe"/>
      </symbol>
      <symbol id="sm-622">
         <name>LL$$TOFS</name>
         <value>0xe36f</value>
         <object_component_ref idref="oc-103"/>
      </symbol>
      <symbol id="sm-62f">
         <name>ULL$$TOFS</name>
         <value>0xe43b</value>
         <object_component_ref idref="oc-108"/>
      </symbol>
      <symbol id="sm-63c">
         <name>__system_post_cinit</name>
         <value>0xdffe</value>
         <object_component_ref idref="oc-120"/>
      </symbol>
      <symbol id="sm-651">
         <name>C$$EXIT</name>
         <value>0xe28e</value>
         <object_component_ref idref="oc-122"/>
      </symbol>
      <symbol id="sm-652">
         <name>_exit</name>
         <value>0xe290</value>
         <object_component_ref idref="oc-122"/>
      </symbol>
      <symbol id="sm-654">
         <name>___TI_cleanup_ptr</name>
         <value>0x8eba</value>
         <object_component_ref idref="oc-114"/>
      </symbol>
      <symbol id="sm-655">
         <name>___TI_enable_exit_profile_output</name>
         <value>0x8eb8</value>
         <object_component_ref idref="oc-114"/>
      </symbol>
      <symbol id="sm-656">
         <name>_abort</name>
         <value>0xe28e</value>
         <object_component_ref idref="oc-122"/>
      </symbol>
      <symbol id="sm-658">
         <name>___TI_dtors_ptr</name>
         <value>0x8ebc</value>
         <object_component_ref idref="oc-114"/>
      </symbol>
      <symbol id="sm-667">
         <name>__args_main</name>
         <value>0xe429</value>
         <object_component_ref idref="oc-121"/>
      </symbol>
   </symbol_table>
   <title>Link successful</title>
</link_info>
